
 Start Length Name Class
 0001:00401000 000114F8CH _TEXT                  CODE
 0002:00516000 00013665CH _DATA                  DATA
 0003:0064C65C 00000CEF4H _BSS                   BSS
 0004:00000000 00000009CH _TLS                   TLS


Detailed map of segments
 0001:000003BC 0000013C C=CODE    S=_TEXT    G=(none)   M=D:\SISTEMAS\PUZZLE\OBJ\PUZZLE.OBJ ACBP=A9
 0001:000004F8 00000155 C=CODE    S=_TEXT    G=(none)   M=C:\LANGUAGE\BORLAND\LIB\C0W32.OBJ ACBP=A9
 0001:00000650 00000343 C=CODE    S=_TEXT    G=(none)   M=C:\LANGUAGE\FWH\LIB\FIVEHC.LIB|RESCHECK ACBP=A9
 0001:00000994 0000007D C=CODE    S=_TEXT    G=(none)   M=C:\LANGUAGE\FWH\LIB\FIVEHC.LIB|__WNDPRO ACBP=A9
 0001:00000A14 00000157 C=CODE    S=_TEXT    G=(none)   M=C:\LANGUAGE\FWH\LIB\FIVEHC.LIB|BMPREAD ACBP=A9
 0001:00000B6C 0000018F C=CODE    S=_TEXT    G=(none)   M=C:\LANGUAGE\FWH\LIB\FIVEHC.LIB|FFDLGPRC ACBP=A9
 0001:00000CFC 0000010C C=CODE    S=_TEXT    G=(none)   M=C:\LANGUAGE\FWH\LIB\FIVEHC.LIB|FFWNDRUN ACBP=A9
 0001:00000E08 000001D1 C=CODE    S=_TEXT    G=(none)   M=C:\LANGUAGE\FWH\LIB\FIVEHC.LIB|HARBOURC ACBP=A9
 0001:00000FDC 000000D3 C=CODE    S=_TEXT    G=(none)   M=C:\LANGUAGE\FWH\LIB\FIVEHC.LIB|REBARS ACBP=A9
 0001:000010B0 0000014D C=CODE    S=_TEXT    G=(none)   M=C:\LANGUAGE\FWH\LIB\FIVEHC.LIB|SYSREFRE ACBP=A9
 0001:00001200 000003B6 C=CODE    S=_TEXT    G=(none)   M=C:\LANGUAGE\FWH\LIB\FIVEHC.LIB|TOOLBARS ACBP=A9
 0001:000015B8 0000012C C=CODE    S=_TEXT    G=(none)   M=C:\LANGUAGE\FWH\LIB\FIVEHC.LIB|TOOLTIP ACBP=A9
 0001:000016E4 0000020C C=CODE    S=_TEXT    G=(none)   M=C:\LANGUAGE\FWH\LIB\FIVEHC.LIB|WNDRUN ACBP=A9
 0001:000018F0 000005BA C=CODE    S=_TEXT    G=(none)   M=C:\LANGUAGE\FWH\LIB\FIVEHC.LIB|DLGBOX ACBP=A9
 0001:00001EAC 0000005D C=CODE    S=_TEXT    G=(none)   M=C:\LANGUAGE\FWH\LIB\FIVEHC.LIB|XPROC ACBP=A9
 0001:00001F0C 00002BBB C=CODE    S=_TEXT    G=(none)   M=C:\LANGUAGE\FWH\LIB\FIVEHC.LIB|CTLHDLEH ACBP=A9
 0001:00004AC8 000016E8 C=CODE    S=_TEXT    G=(none)   M=C:\LANGUAGE\FWH\LIB\FIVEHC.LIB|ACTX ACBP=A9
 0001:000061B0 000000D7 C=CODE    S=_TEXT    G=(none)   M=C:\LANGUAGE\FWH\LIB\FIVEHC.LIB|AAT ACBP=A9
 0001:00006288 000001B4 C=CODE    S=_TEXT    G=(none)   M=C:\LANGUAGE\FWH\LIB\FIVEHC.LIB|ACCELERA ACBP=A9
 0001:0000643C 000000F4 C=CODE    S=_TEXT    G=(none)   M=C:\LANGUAGE\FWH\LIB\FIVEHC.LIB|ANSIUP ACBP=A9
 0001:00006530 00000071 C=CODE    S=_TEXT    G=(none)   M=C:\LANGUAGE\FWH\LIB\FIVEHC.LIB|ATOM ACBP=A9
 0001:000065A4 00000391 C=CODE    S=_TEXT    G=(none)   M=C:\LANGUAGE\FWH\LIB\FIVEHC.LIB|BARTOOLS ACBP=A9
 0001:00006938 00000413 C=CODE    S=_TEXT    G=(none)   M=C:\LANGUAGE\FWH\LIB\FIVEHC.LIB|BITMAPS ACBP=A9
 0001:00006D4C 00000E5C C=CODE    S=_TEXT    G=(none)   M=C:\LANGUAGE\FWH\LIB\FIVEHC.LIB|BMPDRAW ACBP=A9
 0001:00007BA8 0000012F C=CODE    S=_TEXT    G=(none)   M=C:\LANGUAGE\FWH\LIB\FIVEHC.LIB|BMPS ACBP=A9
 0001:00007CD8 0000236B C=CODE    S=_TEXT    G=(none)   M=C:\LANGUAGE\FWH\LIB\FIVEHC.LIB|BRUSHES ACBP=A9
 0001:0000A044 00000567 C=CODE    S=_TEXT    G=(none)   M=C:\LANGUAGE\FWH\LIB\FIVEHC.LIB|CALLDLL ACBP=A9
 0001:0000A5AC 000001CB C=CODE    S=_TEXT    G=(none)   M=C:\LANGUAGE\FWH\LIB\FIVEHC.LIB|CALDLL32 ACBP=A9
 0001:0000A778 000000B3 C=CODE    S=_TEXT    G=(none)   M=C:\LANGUAGE\FWH\LIB\FIVEHC.LIB|CARET ACBP=A9
 0001:0000A82C 00000068 C=CODE    S=_TEXT    G=(none)   M=C:\LANGUAGE\FWH\LIB\FIVEHC.LIB|CHANGEPR ACBP=A9
 0001:0000A894 000001CC C=CODE    S=_TEXT    G=(none)   M=C:\LANGUAGE\FWH\LIB\FIVEHC.LIB|CLPBRD ACBP=A9
 0001:0000AA60 0000012E C=CODE    S=_TEXT    G=(none)   M=C:\LANGUAGE\FWH\LIB\FIVEHC.LIB|CLRCHOOS ACBP=A9
 0001:0000AB90 00000104 C=CODE    S=_TEXT    G=(none)   M=C:\LANGUAGE\FWH\LIB\FIVEHC.LIB|CLT2SCR ACBP=A9
 0001:0000AC94 00000298 C=CODE    S=_TEXT    G=(none)   M=C:\LANGUAGE\FWH\LIB\FIVEHC.LIB|CODEGTF ACBP=A9
 0001:0000AF2C 000000F7 C=CODE    S=_TEXT    G=(none)   M=C:\LANGUAGE\FWH\LIB\FIVEHC.LIB|COLOR ACBP=A9
 0001:0000B024 0000036F C=CODE    S=_TEXT    G=(none)   M=C:\LANGUAGE\FWH\LIB\FIVEHC.LIB|COLORTON ACBP=A9
 0001:0000B394 0000002C C=CODE    S=_TEXT    G=(none)   M=C:\LANGUAGE\FWH\LIB\FIVEHC.LIB|CREATEPA ACBP=A9
 0001:0000B3C0 0000002C C=CODE    S=_TEXT    G=(none)   M=C:\LANGUAGE\FWH\LIB\FIVEHC.LIB|CREATEPE ACBP=A9
 0001:0000B3EC 00000061 C=CODE    S=_TEXT    G=(none)   M=C:\LANGUAGE\FWH\LIB\FIVEHC.LIB|CREATESO ACBP=A9
 0001:0000B450 000000BF C=CODE    S=_TEXT    G=(none)   M=C:\LANGUAGE\FWH\LIB\FIVEHC.LIB|CREATWND ACBP=A9
 0001:0000B510 000002FE C=CODE    S=_TEXT    G=(none)   M=C:\LANGUAGE\FWH\LIB\FIVEHC.LIB|CTL3D ACBP=A9
 0001:0000B810 00000729 C=CODE    S=_TEXT    G=(none)   M=C:\LANGUAGE\FWH\LIB\FIVEHC.LIB|CTRLDRAW ACBP=A9
 0001:0000BF3C 000001E0 C=CODE    S=_TEXT    G=(none)   M=C:\LANGUAGE\FWH\LIB\FIVEHC.LIB|CTRL2CHR ACBP=A9
 0001:0000C11C 00000ACC C=CODE    S=_TEXT    G=(none)   M=C:\LANGUAGE\FWH\LIB\FIVEHC.LIB|CURSORS ACBP=A9
 0001:0000CBE8 00000113 C=CODE    S=_TEXT    G=(none)   M=C:\LANGUAGE\FWH\LIB\FIVEHC.LIB|DATEPICK ACBP=A9
 0001:0000CCFC 0000072E C=CODE    S=_TEXT    G=(none)   M=C:\LANGUAGE\FWH\LIB\FIVEHC.LIB|DC ACBP=A9
 0001:0000D42C 0000007A C=CODE    S=_TEXT    G=(none)   M=C:\LANGUAGE\FWH\LIB\FIVEHC.LIB|DDEXC ACBP=A9
 0001:0000D4A8 00000070 C=CODE    S=_TEXT    G=(none)   M=C:\LANGUAGE\FWH\LIB\FIVEHC.LIB|DELOBJEC ACBP=A9
 0001:0000D518 00000219 C=CODE    S=_TEXT    G=(none)   M=C:\LANGUAGE\FWH\LIB\FIVEHC.LIB|DEVICE ACBP=A9
 0001:0000D734 00000044 C=CODE    S=_TEXT    G=(none)   M=C:\LANGUAGE\FWH\LIB\FIVEHC.LIB|DESKTOP ACBP=A9
 0001:0000D778 00000558 C=CODE    S=_TEXT    G=(none)   M=C:\LANGUAGE\FWH\LIB\FIVEHC.LIB|DIB ACBP=A9
 0001:0000DCD0 000003A1 C=CODE    S=_TEXT    G=(none)   M=C:\LANGUAGE\FWH\LIB\FIVEHC.LIB|DIBBMP ACBP=A9
 0001:0000E074 000001DE C=CODE    S=_TEXT    G=(none)   M=C:\LANGUAGE\FWH\LIB\FIVEHC.LIB|DLG2CHR ACBP=A9
 0001:0000E254 000001CD C=CODE    S=_TEXT    G=(none)   M=C:\LANGUAGE\FWH\LIB\FIVEHC.LIB|DLOGBOX ACBP=A9
 0001:0000E424 00000034 C=CODE    S=_TEXT    G=(none)   M=C:\LANGUAGE\FWH\LIB\FIVEHC.LIB|DLL ACBP=A9
 0001:0000E458 000002B5 C=CODE    S=_TEXT    G=(none)   M=C:\LANGUAGE\FWH\LIB\FIVEHC.LIB|DOTS ACBP=A9
 0001:0000E710 00000661 C=CODE    S=_TEXT    G=(none)   M=C:\LANGUAGE\FWH\LIB\FIVEHC.LIB|DRAWING ACBP=A9
 0001:0000ED74 00000103 C=CODE    S=_TEXT    G=(none)   M=C:\LANGUAGE\FWH\LIB\FIVEHC.LIB|DRAWITEM ACBP=A9
 0001:0000EE78 000002FF C=CODE    S=_TEXT    G=(none)   M=C:\LANGUAGE\FWH\LIB\FIVEHC.LIB|DRIVES ACBP=A9
 0001:0000F178 000000D0 C=CODE    S=_TEXT    G=(none)   M=C:\LANGUAGE\FWH\LIB\FIVEHC.LIB|DROPFILE ACBP=A9
 0001:0000F248 00000244 C=CODE    S=_TEXT    G=(none)   M=C:\LANGUAGE\FWH\LIB\FIVEHC.LIB|FGETCLIP ACBP=A9
 0001:0000F48C 00001398 C=CODE    S=_TEXT    G=(none)   M=C:\LANGUAGE\FWH\LIB\FIVEHC.LIB|FGETLINE ACBP=A9
 0001:00010824 000000A9 C=CODE    S=_TEXT    G=(none)   M=C:\LANGUAGE\FWH\LIB\FIVEHC.LIB|FINDTEXT ACBP=A9
 0001:000108D0 000007BB C=CODE    S=_TEXT    G=(none)   M=C:\LANGUAGE\FWH\LIB\FIVEHC.LIB|FONTS ACBP=A9
 0001:0001108C 000002D1 C=CODE    S=_TEXT    G=(none)   M=C:\LANGUAGE\FWH\LIB\FIVEHC.LIB|FTEXT ACBP=A9
 0001:00011360 00000552 C=CODE    S=_TEXT    G=(none)   M=C:\LANGUAGE\FWH\LIB\FIVEHC.LIB|FWARRAY ACBP=A9
 0001:000118B4 00001354 C=CODE    S=_TEXT    G=(none)   M=C:\LANGUAGE\FWH\LIB\FIVEHC.LIB|FWBMP ACBP=A9
 0001:00012C08 0000051B C=CODE    S=_TEXT    G=(none)   M=C:\LANGUAGE\FWH\LIB\FIVEHC.LIB|FWPALCTL ACBP=A9
 0001:00013124 00000B52 C=CODE    S=_TEXT    G=(none)   M=C:\LANGUAGE\FWH\LIB\FIVEHC.LIB|FWPNG ACBP=A9
 0001:00013C78 0000006C C=CODE    S=_TEXT    G=(none)   M=C:\LANGUAGE\FWH\LIB\FIVEHC.LIB|GETDLGIT ACBP=A9
 0001:00013CE4 000004CE C=CODE    S=_TEXT    G=(none)   M=C:\LANGUAGE\FWH\LIB\FIVEHC.LIB|GETFILE ACBP=A9
 0001:000141B4 000000DE C=CODE    S=_TEXT    G=(none)   M=C:\LANGUAGE\FWH\LIB\FIVEHC.LIB|GETPROCA ACBP=A9
 0001:00014294 0000005E C=CODE    S=_TEXT    G=(none)   M=C:\LANGUAGE\FWH\LIB\FIVEHC.LIB|GETSTKOB ACBP=A9
 0001:000142F4 000000F4 C=CODE    S=_TEXT    G=(none)   M=C:\LANGUAGE\FWH\LIB\FIVEHC.LIB|GETTEXT ACBP=A9
 0001:000143E8 00000100 C=CODE    S=_TEXT    G=(none)   M=C:\LANGUAGE\FWH\LIB\FIVEHC.LIB|GETTEXTW ACBP=A9
 0001:000144E8 000000C4 C=CODE    S=_TEXT    G=(none)   M=C:\LANGUAGE\FWH\LIB\FIVEHC.LIB|GETWND ACBP=A9
 0001:000145AC 000004AA C=CODE    S=_TEXT    G=(none)   M=C:\LANGUAGE\FWH\LIB\FIVEHC.LIB|HANDLIST ACBP=A9
 0001:00014A58 00000270 C=CODE    S=_TEXT    G=(none)   M=C:\LANGUAGE\FWH\LIB\FIVEHC.LIB|HELP ACBP=A9
 0001:00014CC8 000000B8 C=CODE    S=_TEXT    G=(none)   M=C:\LANGUAGE\FWH\LIB\FIVEHC.LIB|HILOWORD ACBP=A9
 0001:00014D80 00000619 C=CODE    S=_TEXT    G=(none)   M=C:\LANGUAGE\FWH\LIB\FIVEHC.LIB|ICONS ACBP=A9
 0001:0001539C 000001FF C=CODE    S=_TEXT    G=(none)   M=C:\LANGUAGE\FWH\LIB\FIVEHC.LIB|IMAGELIS ACBP=A9
 0001:0001559C 00000119 C=CODE    S=_TEXT    G=(none)   M=C:\LANGUAGE\FWH\LIB\FIVEHC.LIB|INSTANCE ACBP=A9
 0001:000156B8 000001B0 C=CODE    S=_TEXT    G=(none)   M=C:\LANGUAGE\FWH\LIB\FIVEHC.LIB|KEYBRD ACBP=A9
 0001:00015868 0000011F C=CODE    S=_TEXT    G=(none)   M=C:\LANGUAGE\FWH\LIB\FIVEHC.LIB|LBX ACBP=A9
 0001:00015988 000004B4 C=CODE    S=_TEXT    G=(none)   M=C:\LANGUAGE\FWH\LIB\FIVEHC.LIB|LISTVIEW ACBP=A9
 0001:00015E3C 0000008D C=CODE    S=_TEXT    G=(none)   M=C:\LANGUAGE\FWH\LIB\FIVEHC.LIB|LOADBMP ACBP=A9
 0001:00015ECC 00000034 C=CODE    S=_TEXT    G=(none)   M=C:\LANGUAGE\FWH\LIB\FIVEHC.LIB|MAKELONG ACBP=A9
 0001:00015F00 00000F15 C=CODE    S=_TEXT    G=(none)   M=C:\LANGUAGE\FWH\LIB\FIVEHC.LIB|MAPI ACBP=A9
 0001:00016E18 00000245 C=CODE    S=_TEXT    G=(none)   M=C:\LANGUAGE\FWH\LIB\FIVEHC.LIB|MDI ACBP=A9
 0001:00017060 000001E8 C=CODE    S=_TEXT    G=(none)   M=C:\LANGUAGE\FWH\LIB\FIVEHC.LIB|MEM ACBP=A9
 0001:00017248 00000730 C=CODE    S=_TEXT    G=(none)   M=C:\LANGUAGE\FWH\LIB\FIVEHC.LIB|MENUS ACBP=A9
 0001:00017978 0000032C C=CODE    S=_TEXT    G=(none)   M=C:\LANGUAGE\FWH\LIB\FIVEHC.LIB|METAFILE ACBP=A9
 0001:00017CA4 000002B8 C=CODE    S=_TEXT    G=(none)   M=C:\LANGUAGE\FWH\LIB\FIVEHC.LIB|METAFI32 ACBP=A9
 0001:00017F5C 000000A1 C=CODE    S=_TEXT    G=(none)   M=C:\LANGUAGE\FWH\LIB\FIVEHC.LIB|MGETCREA ACBP=A9
 0001:00018000 000000A3 C=CODE    S=_TEXT    G=(none)   M=C:\LANGUAGE\FWH\LIB\FIVEHC.LIB|MKDIR ACBP=A9
 0001:000180A4 0000006A C=CODE    S=_TEXT    G=(none)   M=C:\LANGUAGE\FWH\LIB\FIVEHC.LIB|MOVETO ACBP=A9
 0001:00018110 0000001F C=CODE    S=_TEXT    G=(none)   M=C:\LANGUAGE\FWH\LIB\FIVEHC.LIB|MSGBEEP ACBP=A9
 0001:00018130 000008EA C=CODE    S=_TEXT    G=(none)   M=C:\LANGUAGE\FWH\LIB\FIVEHC.LIB|MSGS ACBP=A9
 0001:00018A1C 00000159 C=CODE    S=_TEXT    G=(none)   M=C:\LANGUAGE\FWH\LIB\FIVEHC.LIB|MSGSAPI ACBP=A9
 0001:00018B78 00000406 C=CODE    S=_TEXT    G=(none)   M=C:\LANGUAGE\FWH\LIB\FIVEHC.LIB|MSGTOOLS ACBP=A9
 0001:00018F80 0000006D C=CODE    S=_TEXT    G=(none)   M=C:\LANGUAGE\FWH\LIB\FIVEHC.LIB|NOTIFY ACBP=A9
 0001:00018FF0 000001BD C=CODE    S=_TEXT    G=(none)   M=C:\LANGUAGE\FWH\LIB\FIVEHC.LIB|OEMANSI ACBP=A9
 0001:000191B0 00000079 C=CODE    S=_TEXT    G=(none)   M=C:\LANGUAGE\FWH\LIB\FIVEHC.LIB|ONOFFBMP ACBP=A9
 0001:0001922C 000001E9 C=CODE    S=_TEXT    G=(none)   M=C:\LANGUAGE\FWH\LIB\FIVEHC.LIB|OR ACBP=A9
 0001:00019418 00000058 C=CODE    S=_TEXT    G=(none)   M=C:\LANGUAGE\FWH\LIB\FIVEHC.LIB|PAINT ACBP=A9
 0001:00019470 0000005C C=CODE    S=_TEXT    G=(none)   M=C:\LANGUAGE\FWH\LIB\FIVEHC.LIB|PEEKMSG ACBP=A9
 0001:000194CC 00000C54 C=CODE    S=_TEXT    G=(none)   M=C:\LANGUAGE\FWH\LIB\FIVEHC.LIB|PRINTDC ACBP=A9
 0001:0001A120 0000020F C=CODE    S=_TEXT    G=(none)   M=C:\LANGUAGE\FWH\LIB\FIVEHC.LIB|PROFILE ACBP=A9
 0001:0001A330 0000074F C=CODE    S=_TEXT    G=(none)   M=C:\LANGUAGE\FWH\LIB\FIVEHC.LIB|RECTS ACBP=A9
 0001:0001AA80 0000010D C=CODE    S=_TEXT    G=(none)   M=C:\LANGUAGE\FWH\LIB\FIVEHC.LIB|REGCLASS ACBP=A9
 0001:0001AB90 00000391 C=CODE    S=_TEXT    G=(none)   M=C:\LANGUAGE\FWH\LIB\FIVEHC.LIB|REGEDIT ACBP=A9
 0001:0001AF24 0000039C C=CODE    S=_TEXT    G=(none)   M=C:\LANGUAGE\FWH\LIB\FIVEHC.LIB|REGIONS ACBP=A9
 0001:0001B2C0 000002AD C=CODE    S=_TEXT    G=(none)   M=C:\LANGUAGE\FWH\LIB\FIVEHC.LIB|RESOURCE ACBP=A9
 0001:0001B570 000019FD C=CODE    S=_TEXT    G=(none)   M=C:\LANGUAGE\FWH\LIB\FIVEHC.LIB|RIBBON ACBP=A9
 0001:0001CF70 00002128 C=CODE    S=_TEXT    G=(none)   M=C:\LANGUAGE\FWH\LIB\FIVEHC.LIB|RICHEDIT ACBP=A9
 0001:0001F098 000001BA C=CODE    S=_TEXT    G=(none)   M=C:\LANGUAGE\FWH\LIB\FIVEHC.LIB|SCROLL ACBP=A9
 0001:0001F254 00000023 C=CODE    S=_TEXT    G=(none)   M=C:\LANGUAGE\FWH\LIB\FIVEHC.LIB|SELOBJEC ACBP=A9
 0001:0001F278 00000057 C=CODE    S=_TEXT    G=(none)   M=C:\LANGUAGE\FWH\LIB\FIVEHC.LIB|SETMAPMO ACBP=A9
 0001:0001F2D0 00000048 C=CODE    S=_TEXT    G=(none)   M=C:\LANGUAGE\FWH\LIB\FIVEHC.LIB|SETTEXT ACBP=A9
 0001:0001F318 000002BE C=CODE    S=_TEXT    G=(none)   M=C:\LANGUAGE\FWH\LIB\FIVEHC.LIB|STRTOKEN ACBP=A9
 0001:0001F5D8 00000303 C=CODE    S=_TEXT    G=(none)   M=C:\LANGUAGE\FWH\LIB\FIVEHC.LIB|TEXT ACBP=A9
 0001:0001F8DC 00000FF1 C=CODE    S=_TEXT    G=(none)   M=C:\LANGUAGE\FWH\LIB\FIVEHC.LIB|THEMES ACBP=A9
 0001:000208D0 000000CB C=CODE    S=_TEXT    G=(none)   M=C:\LANGUAGE\FWH\LIB\FIVEHC.LIB|TIMEPICK ACBP=A9
 0001:0002099C 00000069 C=CODE    S=_TEXT    G=(none)   M=C:\LANGUAGE\FWH\LIB\FIVEHC.LIB|TIMERS ACBP=A9
 0001:00020A08 00000178 C=CODE    S=_TEXT    G=(none)   M=C:\LANGUAGE\FWH\LIB\FIVEHC.LIB|WINDOWS ACBP=A9
 0001:00020B80 0000021C C=CODE    S=_TEXT    G=(none)   M=C:\LANGUAGE\FWH\LIB\FIVEHC.LIB|WINEXEC ACBP=A9
 0001:00020D9C 00000035 C=CODE    S=_TEXT    G=(none)   M=C:\LANGUAGE\FWH\LIB\FIVEHC.LIB|WIN2000 ACBP=A9
 0001:00020DD4 000000A9 C=CODE    S=_TEXT    G=(none)   M=C:\LANGUAGE\FWH\LIB\FIVEHC.LIB|WMOUSE ACBP=A9
 0001:00020E80 00000731 C=CODE    S=_TEXT    G=(none)   M=C:\LANGUAGE\FWH\LIB\FIVEHC.LIB|WNDBOXES ACBP=A9
 0001:000215B4 000001AB C=CODE    S=_TEXT    G=(none)   M=C:\LANGUAGE\FWH\LIB\FIVEHC.LIB|WNDCENTE ACBP=A9
 0001:00021760 00000033 C=CODE    S=_TEXT    G=(none)   M=C:\LANGUAGE\FWH\LIB\FIVEHC.LIB|WNDDESTR ACBP=A9
 0001:00021794 000004F6 C=CODE    S=_TEXT    G=(none)   M=C:\LANGUAGE\FWH\LIB\FIVEHC.LIB|WNDIS ACBP=A9
 0001:00021C8C 0000007B C=CODE    S=_TEXT    G=(none)   M=C:\LANGUAGE\FWH\LIB\FIVEHC.LIB|WNDISOVE ACBP=A9
 0001:00021D08 00000B7F C=CODE    S=_TEXT    G=(none)   M=C:\LANGUAGE\FWH\LIB\FIVEHC.LIB|WNDMOVE ACBP=A9
 0001:00022888 00000050 C=CODE    S=_TEXT    G=(none)   M=C:\LANGUAGE\FWH\LIB\FIVEHC.LIB|WNDPOS ACBP=A9
 0001:000228D8 000001F7 C=CODE    S=_TEXT    G=(none)   M=C:\LANGUAGE\FWH\LIB\FIVEHC.LIB|WNDPRINT ACBP=A9
 0001:00022AD0 000002F8 C=CODE    S=_TEXT    G=(none)   M=C:\LANGUAGE\FWH\LIB\FIVEHC.LIB|WNDSAY ACBP=A9
 0001:00022DC8 00000240 C=CODE    S=_TEXT    G=(none)   M=C:\LANGUAGE\FWH\LIB\FIVEHC.LIB|WNDSCROL ACBP=A9
 0001:00023008 0000003B C=CODE    S=_TEXT    G=(none)   M=C:\LANGUAGE\FWH\LIB\FIVEHC.LIB|WNDUPDAT ACBP=A9
 0001:00023044 0000029A C=CODE    S=_TEXT    G=(none)   M=C:\LANGUAGE\FWH\LIB\FIVEHC.LIB|XBROWSEC ACBP=A9
 0001:000232E0 0000011D C=CODE    S=_TEXT    G=(none)   M=C:\LANGUAGE\FWH\LIB\FIVEHX.LIB|ACTIVEX ACBP=A9
 0001:00023400 000003D8 C=CODE    S=_TEXT    G=(none)   M=C:\LANGUAGE\FWH\LIB\FIVEHX.LIB|ADOFUNCS ACBP=A9
 0001:000237D8 0000008D C=CODE    S=_TEXT    G=(none)   M=C:\LANGUAGE\FWH\LIB\FIVEHX.LIB|ALERT ACBP=A9
 0001:00023868 00000270 C=CODE    S=_TEXT    G=(none)   M=C:\LANGUAGE\FWH\LIB\FIVEHX.LIB|BAR ACBP=A9
 0001:00023AD8 00000390 C=CODE    S=_TEXT    G=(none)   M=C:\LANGUAGE\FWH\LIB\FIVEHX.LIB|BITMAP ACBP=A9
 0001:00023E68 00000210 C=CODE    S=_TEXT    G=(none)   M=C:\LANGUAGE\FWH\LIB\FIVEHX.LIB|BRUSH ACBP=A9
 0001:00024078 00000300 C=CODE    S=_TEXT    G=(none)   M=C:\LANGUAGE\FWH\LIB\FIVEHX.LIB|BTNBMP ACBP=A9
 0001:00024378 0000017D C=CODE    S=_TEXT    G=(none)   M=C:\LANGUAGE\FWH\LIB\FIVEHX.LIB|BUTTON ACBP=A9
 0001:000244F8 00000105 C=CODE    S=_TEXT    G=(none)   M=C:\LANGUAGE\FWH\LIB\FIVEHX.LIB|BUTTONB ACBP=A9
 0001:00024600 000001C5 C=CODE    S=_TEXT    G=(none)   M=C:\LANGUAGE\FWH\LIB\FIVEHX.LIB|CHECKBOX ACBP=A9
 0001:000247C8 00000135 C=CODE    S=_TEXT    G=(none)   M=C:\LANGUAGE\FWH\LIB\FIVEHX.LIB|CLIPBRD ACBP=A9
 0001:00024900 00000300 C=CODE    S=_TEXT    G=(none)   M=C:\LANGUAGE\FWH\LIB\FIVEHX.LIB|COMBOBOX ACBP=A9
 0001:00024C00 00000480 C=CODE    S=_TEXT    G=(none)   M=C:\LANGUAGE\FWH\LIB\FIVEHX.LIB|CONTROL ACBP=A9
 0001:00025080 000000A5 C=CODE    S=_TEXT    G=(none)   M=C:\LANGUAGE\FWH\LIB\FIVEHX.LIB|CURSOR ACBP=A9
 0001:00025128 00000570 C=CODE    S=_TEXT    G=(none)   M=C:\LANGUAGE\FWH\LIB\FIVEHX.LIB|DATABASE ACBP=A9
 0001:00025698 00000300 C=CODE    S=_TEXT    G=(none)   M=C:\LANGUAGE\FWH\LIB\FIVEHX.LIB|DATAROW ACBP=A9
 0001:00025998 000000A5 C=CODE    S=_TEXT    G=(none)   M=C:\LANGUAGE\FWH\LIB\FIVEHX.LIB|DBTOOLS ACBP=A9
 0001:00025A40 000000ED C=CODE    S=_TEXT    G=(none)   M=C:\LANGUAGE\FWH\LIB\FIVEHX.LIB|DDE ACBP=A9
 0001:00025B30 00000330 C=CODE    S=_TEXT    G=(none)   M=C:\LANGUAGE\FWH\LIB\FIVEHX.LIB|DIALOG ACBP=A9
 0001:00025E60 000000A5 C=CODE    S=_TEXT    G=(none)   M=C:\LANGUAGE\FWH\LIB\FIVEHX.LIB|DLGFIND ACBP=A9
 0001:00025F08 0000014D C=CODE    S=_TEXT    G=(none)   M=C:\LANGUAGE\FWH\LIB\FIVEHX.LIB|ERRSYSW ACBP=A9
 0001:00026058 00000B10 C=CODE    S=_TEXT    G=(none)   M=C:\LANGUAGE\FWH\LIB\FIVEHX.LIB|FGET ACBP=A9
 0001:00026B68 00000255 C=CODE    S=_TEXT    G=(none)   M=C:\LANGUAGE\FWH\LIB\FIVEHX.LIB|FILENAME ACBP=A9
 0001:00026DC0 000000A5 C=CODE    S=_TEXT    G=(none)   M=C:\LANGUAGE\FWH\LIB\FIVEHX.LIB|FLINE ACBP=A9
 0001:00026E68 00000270 C=CODE    S=_TEXT    G=(none)   M=C:\LANGUAGE\FWH\LIB\FIVEHX.LIB|FONT ACBP=A9
 0001:000270D8 0000008D C=CODE    S=_TEXT    G=(none)   M=C:\LANGUAGE\FWH\LIB\FIVEHX.LIB|FWDECODE ACBP=A9
 0001:00027168 00000075 C=CODE    S=_TEXT    G=(none)   M=C:\LANGUAGE\FWH\LIB\FIVEHX.LIB|FWERROR ACBP=A9
 0001:000271E0 00000105 C=CODE    S=_TEXT    G=(none)   M=C:\LANGUAGE\FWH\LIB\FIVEHX.LIB|GETTASKS ACBP=A9
 0001:000272E8 000001C5 C=CODE    S=_TEXT    G=(none)   M=C:\LANGUAGE\FWH\LIB\FIVEHX.LIB|GETSYSIN ACBP=A9
 0001:000274B0 000000ED C=CODE    S=_TEXT    G=(none)   M=C:\LANGUAGE\FWH\LIB\FIVEHX.LIB|GTF ACBP=A9
 0001:000275A0 00000135 C=CODE    S=_TEXT    G=(none)   M=C:\LANGUAGE\FWH\LIB\FIVEHX.LIB|HELP32 ACBP=A9
 0001:000276D8 0000038C C=CODE    S=_TEXT    G=(none)   M=C:\LANGUAGE\FWH\LIB\FIVEHX.LIB|HELPCHM ACBP=A9
 0001:00027A64 0000011D C=CODE    S=_TEXT    G=(none)   M=C:\LANGUAGE\FWH\LIB\FIVEHX.LIB|GROUP ACBP=A9
 0001:00027B84 00000135 C=CODE    S=_TEXT    G=(none)   M=C:\LANGUAGE\FWH\LIB\FIVEHX.LIB|ICON ACBP=A9
 0001:00027CBC 0000035D C=CODE    S=_TEXT    G=(none)   M=C:\LANGUAGE\FWH\LIB\FIVEHX.LIB|IMAGE ACBP=A9
 0001:0002801C 000000ED C=CODE    S=_TEXT    G=(none)   M=C:\LANGUAGE\FWH\LIB\FIVEHX.LIB|INI ACBP=A9
 0001:0002810C 00000288 C=CODE    S=_TEXT    G=(none)   M=C:\LANGUAGE\FWH\LIB\FIVEHX.LIB|LISTBOX ACBP=A9
 0001:00028394 000001AD C=CODE    S=_TEXT    G=(none)   M=C:\LANGUAGE\FWH\LIB\FIVEHX.LIB|LINKLIST ACBP=A9
 0001:00028544 00000138 C=CODE    S=_TEXT    G=(none)   M=C:\LANGUAGE\FWH\LIB\FIVEHX.LIB|MDICHILD ACBP=A9
 0001:0002867C 00000135 C=CODE    S=_TEXT    G=(none)   M=C:\LANGUAGE\FWH\LIB\FIVEHX.LIB|MDICLIEN ACBP=A9
 0001:000287B4 0000011D C=CODE    S=_TEXT    G=(none)   M=C:\LANGUAGE\FWH\LIB\FIVEHX.LIB|MDIFRAME ACBP=A9
 0001:000288D4 000000ED C=CODE    S=_TEXT    G=(none)   M=C:\LANGUAGE\FWH\LIB\FIVEHX.LIB|MEMOEDIT ACBP=A9
 0001:000289C4 00000348 C=CODE    S=_TEXT    G=(none)   M=C:\LANGUAGE\FWH\LIB\FIVEHX.LIB|MENU ACBP=A9
 0001:00028D0C 0000017D C=CODE    S=_TEXT    G=(none)   M=C:\LANGUAGE\FWH\LIB\FIVEHX.LIB|MENUITEM ACBP=A9
 0001:00028E8C 00000330 C=CODE    S=_TEXT    G=(none)   M=C:\LANGUAGE\FWH\LIB\FIVEHX.LIB|MGET ACBP=A9
 0001:000291BC 000002E8 C=CODE    S=_TEXT    G=(none)   M=C:\LANGUAGE\FWH\LIB\FIVEHX.LIB|MSGBAR ACBP=A9
 0001:000294A4 0000005D C=CODE    S=_TEXT    G=(none)   M=C:\LANGUAGE\FWH\LIB\FIVEHX.LIB|MSGGET ACBP=A9
 0001:00029504 000000A5 C=CODE    S=_TEXT    G=(none)   M=C:\LANGUAGE\FWH\LIB\FIVEHX.LIB|MSGRUN ACBP=A9
 0001:000295AC 0000005D C=CODE    S=_TEXT    G=(none)   M=C:\LANGUAGE\FWH\LIB\FIVEHX.LIB|ODATA ACBP=A9
 0001:0002960C 00000195 C=CODE    S=_TEXT    G=(none)   M=C:\LANGUAGE\FWH\LIB\FIVEHX.LIB|OLEFUNCS ACBP=A9
 0001:000297A4 000000D5 C=CODE    S=_TEXT    G=(none)   M=C:\LANGUAGE\FWH\LIB\FIVEHX.LIB|PDMENU ACBP=A9
 0001:0002987C 000000BD C=CODE    S=_TEXT    G=(none)   M=C:\LANGUAGE\FWH\LIB\FIVEHX.LIB|PDREPORT ACBP=A9
 0001:0002993C 0000008D C=CODE    S=_TEXT    G=(none)   M=C:\LANGUAGE\FWH\LIB\FIVEHX.LIB|PEN ACBP=A9
 0001:000299CC 00000360 C=CODE    S=_TEXT    G=(none)   M=C:\LANGUAGE\FWH\LIB\FIVEHX.LIB|PRINTER ACBP=A9
 0001:00029D2C 000005B8 C=CODE    S=_TEXT    G=(none)   M=C:\LANGUAGE\FWH\LIB\FIVEHX.LIB|PRV2PDF ACBP=A9
 0001:0002A2E4 00000195 C=CODE    S=_TEXT    G=(none)   M=C:\LANGUAGE\FWH\LIB\FIVEHX.LIB|RADIO ACBP=A9
 0001:0002A47C 00000165 C=CODE    S=_TEXT    G=(none)   M=C:\LANGUAGE\FWH\LIB\FIVEHX.LIB|RADMENU ACBP=A9
 0001:0002A5E4 00000135 C=CODE    S=_TEXT    G=(none)   M=C:\LANGUAGE\FWH\LIB\FIVEHX.LIB|RCOLUMN ACBP=A9
 0001:0002A71C 000000A5 C=CODE    S=_TEXT    G=(none)   M=C:\LANGUAGE\FWH\LIB\FIVEHX.LIB|REBAR ACBP=A9
 0001:0002A7C4 000000BD C=CODE    S=_TEXT    G=(none)   M=C:\LANGUAGE\FWH\LIB\FIVEHX.LIB|RFILE ACBP=A9
 0001:0002A884 00000105 C=CODE    S=_TEXT    G=(none)   M=C:\LANGUAGE\FWH\LIB\FIVEHX.LIB|RGROUP ACBP=A9
 0001:0002A98C 00000105 C=CODE    S=_TEXT    G=(none)   M=C:\LANGUAGE\FWH\LIB\FIVEHX.LIB|RLINE ACBP=A9
 0001:0002AA94 000000D5 C=CODE    S=_TEXT    G=(none)   M=C:\LANGUAGE\FWH\LIB\FIVEHX.LIB|RECT ACBP=A9
 0001:0002AB6C 000000ED C=CODE    S=_TEXT    G=(none)   M=C:\LANGUAGE\FWH\LIB\FIVEHX.LIB|REG32 ACBP=A9
 0001:0002AC5C 00000348 C=CODE    S=_TEXT    G=(none)   M=C:\LANGUAGE\FWH\LIB\FIVEHX.LIB|REPORT ACBP=A9
 0001:0002AFA4 00000408 C=CODE    S=_TEXT    G=(none)   M=C:\LANGUAGE\FWH\LIB\FIVEHX.LIB|RPREVIEW ACBP=A9
 0001:0002B3AC 00000165 C=CODE    S=_TEXT    G=(none)   M=C:\LANGUAGE\FWH\LIB\FIVEHX.LIB|SAY ACBP=A9
 0001:0002B514 00000869 C=CODE    S=_TEXT    G=(none)   M=C:\LANGUAGE\FWH\LIB\FIVEHX.LIB|SCINTILA ACBP=A9
 0001:0002BD80 0000011D C=CODE    S=_TEXT    G=(none)   M=C:\LANGUAGE\FWH\LIB\FIVEHX.LIB|SCRLLBAR ACBP=A9
 0001:0002BEA0 0000017D C=CODE    S=_TEXT    G=(none)   M=C:\LANGUAGE\FWH\LIB\FIVEHX.LIB|STATUSBA ACBP=A9
 0001:0002C020 0000014D C=CODE    S=_TEXT    G=(none)   M=C:\LANGUAGE\FWH\LIB\FIVEHX.LIB|STRINGS ACBP=A9
 0001:0002C170 000000ED C=CODE    S=_TEXT    G=(none)   M=C:\LANGUAGE\FWH\LIB\FIVEHX.LIB|TACCTBL ACBP=A9
 0001:0002C260 0000008D C=CODE    S=_TEXT    G=(none)   M=C:\LANGUAGE\FWH\LIB\FIVEHX.LIB|TCLIPGET ACBP=A9
 0001:0002C2F0 0000014D C=CODE    S=_TEXT    G=(none)   M=C:\LANGUAGE\FWH\LIB\FIVEHX.LIB|TDTPICKE ACBP=A9
 0001:0002C440 000004B0 C=CODE    S=_TEXT    G=(none)   M=C:\LANGUAGE\FWH\LIB\FIVEHX.LIB|TGET ACBP=A9
 0001:0002C8F0 0000014D C=CODE    S=_TEXT    G=(none)   M=C:\LANGUAGE\FWH\LIB\FIVEHX.LIB|TOOLBAR ACBP=A9
 0001:0002CA40 000000D5 C=CODE    S=_TEXT    G=(none)   M=C:\LANGUAGE\FWH\LIB\FIVEHX.LIB|TIMAGLST ACBP=A9
 0001:0002CB18 000000D5 C=CODE    S=_TEXT    G=(none)   M=C:\LANGUAGE\FWH\LIB\FIVEHX.LIB|TIMER ACBP=A9
 0001:0002CBF0 00000228 C=CODE    S=_TEXT    G=(none)   M=C:\LANGUAGE\FWH\LIB\FIVEHX.LIB|TLISTVIE ACBP=A9
 0001:0002CE18 000000A5 C=CODE    S=_TEXT    G=(none)   M=C:\LANGUAGE\FWH\LIB\FIVEHX.LIB|TMAIL ACBP=A9
 0001:0002CEC0 000001DD C=CODE    S=_TEXT    G=(none)   M=C:\LANGUAGE\FWH\LIB\FIVEHX.LIB|TMETAFIL ACBP=A9
 0001:0002D0A0 00000165 C=CODE    S=_TEXT    G=(none)   M=C:\LANGUAGE\FWH\LIB\FIVEHX.LIB|TMSGITEM ACBP=A9
 0001:0002D208 0000023D C=CODE    S=_TEXT    G=(none)   M=C:\LANGUAGE\FWH\LIB\FIVEHX.LIB|TREEITEM ACBP=A9
 0001:0002D448 000000D5 C=CODE    S=_TEXT    G=(none)   M=C:\LANGUAGE\FWH\LIB\FIVEHX.LIB|TREES ACBP=A9
 0001:0002D520 000005A0 C=CODE    S=_TEXT    G=(none)   M=C:\LANGUAGE\FWH\LIB\FIVEHX.LIB|TRICHEDI ACBP=A9
 0001:0002DAC0 00000105 C=CODE    S=_TEXT    G=(none)   M=C:\LANGUAGE\FWH\LIB\FIVEHX.LIB|TSTRUCT ACBP=A9
 0001:0002DBC8 0000014D C=CODE    S=_TEXT    G=(none)   M=C:\LANGUAGE\FWH\LIB\FIVEHX.LIB|TTMPICKE ACBP=A9
 0001:0002DD18 0000014D C=CODE    S=_TEXT    G=(none)   M=C:\LANGUAGE\FWH\LIB\FIVEHX.LIB|VALBLANK ACBP=A9
 0001:0002DE68 0000023E C=CODE    S=_TEXT    G=(none)   M=C:\LANGUAGE\FWH\LIB\FIVEHX.LIB|VALTOSTR ACBP=A9
 0001:0002E0A8 00000AF8 C=CODE    S=_TEXT    G=(none)   M=C:\LANGUAGE\FWH\LIB\FIVEHX.LIB|WINDOW ACBP=A9
 0001:0002EBA0 0000005D C=CODE    S=_TEXT    G=(none)   M=C:\LANGUAGE\FWH\LIB\FIVEHX.LIB|WQOUT ACBP=A9
 0001:0002EC00 00001890 C=CODE    S=_TEXT    G=(none)   M=C:\LANGUAGE\FWH\LIB\FIVEHX.LIB|XBROWSE ACBP=A9
 0001:00030490 000000A8 C=CODE    S=_TEXT    G=(none)   M=C:\LANGUAGE\FWH\LIB\FIVEHX.LIB|XBROWSER ACBP=A9
 0001:00030538 000000A5 C=CODE    S=_TEXT    G=(none)   M=C:\LANGUAGE\FWH\LIB\FIVEHX.LIB|XPAD ACBP=A9
 0001:000305E0 00000512 C=CODE    S=_TEXT    G=(none)   M=C:\LANGUAGE\FWH\LIB\FIVEHX.LIB|HARBOUR ACBP=A9
 0001:00030AF4 000001A8 C=CODE    S=_TEXT    G=(none)   M=C:\LANGUAGE\XHARBOUR\LIB\RTL.LIB|abs ACBP=A9
 0001:00030C9C 0000030D C=CODE    S=_TEXT    G=(none)   M=C:\LANGUAGE\XHARBOUR\LIB\RTL.LIB|at ACBP=A9
 0001:00030FAC 00000130 C=CODE    S=_TEXT    G=(none)   M=C:\LANGUAGE\XHARBOUR\LIB\RTL.LIB|binnum ACBP=A9
 0001:000310DC 0000257A C=CODE    S=_TEXT    G=(none)   M=C:\LANGUAGE\XHARBOUR\LIB\RTL.LIB|cdpapi ACBP=A9
 0001:00033658 000000AF C=CODE    S=_TEXT    G=(none)   M=C:\LANGUAGE\XHARBOUR\LIB\RTL.LIB|chrasc ACBP=A9
 0001:00033708 000000D3 C=CODE    S=_TEXT    G=(none)   M=C:\LANGUAGE\XHARBOUR\LIB\RTL.LIB|colorind ACBP=A9
 0001:000337DC 00000B79 C=CODE    S=_TEXT    G=(none)   M=C:\LANGUAGE\XHARBOUR\LIB\RTL.LIB|console ACBP=A9
 0001:00034358 00000167 C=CODE    S=_TEXT    G=(none)   M=C:\LANGUAGE\XHARBOUR\LIB\RTL.LIB|datec ACBP=A9
 0001:000344C0 000011DF C=CODE    S=_TEXT    G=(none)   M=C:\LANGUAGE\XHARBOUR\LIB\RTL.LIB|dateshb ACBP=A9
 0001:000356A0 00000830 C=CODE    S=_TEXT    G=(none)   M=C:\LANGUAGE\XHARBOUR\LIB\RTL.LIB|direct ACBP=A9
 0001:00035ED0 00000250 C=CODE    S=_TEXT    G=(none)   M=C:\LANGUAGE\XHARBOUR\LIB\RTL.LIB|empty ACBP=A9
 0001:00036120 00000154 C=CODE    S=_TEXT    G=(none)   M=C:\LANGUAGE\XHARBOUR\LIB\RTL.LIB|file ACBP=A9
 0001:00036274 00000C39 C=CODE    S=_TEXT    G=(none)   M=C:\LANGUAGE\XHARBOUR\LIB\RTL.LIB|filebuf ACBP=A9
 0001:00036EB0 00000074 C=CODE    S=_TEXT    G=(none)   M=C:\LANGUAGE\XHARBOUR\LIB\RTL.LIB|filehb ACBP=A9
 0001:00036F24 00001D92 C=CODE    S=_TEXT    G=(none)   M=C:\LANGUAGE\XHARBOUR\LIB\RTL.LIB|filesys ACBP=A9
 0001:00038CB8 000000D5 C=CODE    S=_TEXT    G=(none)   M=C:\LANGUAGE\XHARBOUR\LIB\RTL.LIB|fserror ACBP=A9
 0001:00038D90 000000D0 C=CODE    S=_TEXT    G=(none)   M=C:\LANGUAGE\XHARBOUR\LIB\RTL.LIB|fnsplit ACBP=A9
 0001:00038E60 00000996 C=CODE    S=_TEXT    G=(none)   M=C:\LANGUAGE\XHARBOUR\LIB\RTL.LIB|fparse ACBP=A9
 0001:000397F8 00000107 C=CODE    S=_TEXT    G=(none)   M=C:\LANGUAGE\XHARBOUR\LIB\RTL.LIB|fssize ACBP=A9
 0001:00039900 000003EF C=CODE    S=_TEXT    G=(none)   M=C:\LANGUAGE\XHARBOUR\LIB\RTL.LIB|fstemp ACBP=A9
 0001:00039CF0 00000116 C=CODE    S=_TEXT    G=(none)   M=C:\LANGUAGE\XHARBOUR\LIB\RTL.LIB|gete ACBP=A9
 0001:00039E08 00000028 C=CODE    S=_TEXT    G=(none)   M=C:\LANGUAGE\XHARBOUR\LIB\RTL.LIB|gt ACBP=A9
 0001:00039E30 00000F42 C=CODE    S=_TEXT    G=(none)   M=C:\LANGUAGE\XHARBOUR\LIB\RTL.LIB|gtapi ACBP=A9
 0001:0003AD74 000002B7 C=CODE    S=_TEXT    G=(none)   M=C:\LANGUAGE\XHARBOUR\LIB\RTL.LIB|gtclip ACBP=A9
 0001:0003B02C 00000001 C=CODE    S=_TEXT    G=(none)   M=C:\LANGUAGE\XHARBOUR\LIB\RTL.LIB|gtsys ACBP=A9
 0001:0003B030 00000496 C=CODE    S=_TEXT    G=(none)   M=C:\LANGUAGE\XHARBOUR\LIB\RTL.LIB|hbbitf ACBP=A9
 0001:0003B4C8 000007F7 C=CODE    S=_TEXT    G=(none)   M=C:\LANGUAGE\XHARBOUR\LIB\RTL.LIB|hbserv ACBP=A9
 0001:0003BCC0 000007F9 C=CODE    S=_TEXT    G=(none)   M=C:\LANGUAGE\XHARBOUR\LIB\RTL.LIB|hbffind ACBP=A9
 0001:0003C4BC 00003D65 C=CODE    S=_TEXT    G=(none)   M=C:\LANGUAGE\XHARBOUR\LIB\RTL.LIB|hbgtcore ACBP=A9
 0001:00040224 0000049D C=CODE    S=_TEXT    G=(none)   M=C:\LANGUAGE\XHARBOUR\LIB\RTL.LIB|hbhex2n ACBP=A9
 0001:000406C4 000002C0 C=CODE    S=_TEXT    G=(none)   M=C:\LANGUAGE\XHARBOUR\LIB\RTL.LIB|hbrandom ACBP=A9
 0001:00040984 0000062A C=CODE    S=_TEXT    G=(none)   M=C:\LANGUAGE\XHARBOUR\LIB\RTL.LIB|hbtoken ACBP=A9
 0001:00040FB0 00000476 C=CODE    S=_TEXT    G=(none)   M=C:\LANGUAGE\XHARBOUR\LIB\RTL.LIB|idle ACBP=A9
 0001:00041428 00000487 C=CODE    S=_TEXT    G=(none)   M=C:\LANGUAGE\XHARBOUR\LIB\RTL.LIB|inkey ACBP=A9
 0001:000418B0 00000119 C=CODE    S=_TEXT    G=(none)   M=C:\LANGUAGE\XHARBOUR\LIB\RTL.LIB|inkeyapi ACBP=A9
 0001:000419CC 00000486 C=CODE    S=_TEXT    G=(none)   M=C:\LANGUAGE\XHARBOUR\LIB\RTL.LIB|is ACBP=A9
 0001:00041E54 0000029F C=CODE    S=_TEXT    G=(none)   M=C:\LANGUAGE\XHARBOUR\LIB\RTL.LIB|langapi ACBP=A9
 0001:000420F4 000000CC C=CODE    S=_TEXT    G=(none)   M=C:\LANGUAGE\XHARBOUR\LIB\RTL.LIB|left ACBP=A9
 0001:000421C0 00000093 C=CODE    S=_TEXT    G=(none)   M=C:\LANGUAGE\XHARBOUR\LIB\RTL.LIB|len ACBP=A9
 0001:00042254 00000A40 C=CODE    S=_TEXT    G=(none)   M=C:\LANGUAGE\XHARBOUR\LIB\RTL.LIB|math ACBP=A9
 0001:00042C94 00000207 C=CODE    S=_TEXT    G=(none)   M=C:\LANGUAGE\XHARBOUR\LIB\RTL.LIB|memofile ACBP=A9
 0001:00042E9C 0000057D C=CODE    S=_TEXT    G=(none)   M=C:\LANGUAGE\XHARBOUR\LIB\RTL.LIB|minmax ACBP=A9
 0001:0004341C 00000976 C=CODE    S=_TEXT    G=(none)   M=C:\LANGUAGE\XHARBOUR\LIB\RTL.LIB|mlcfunc ACBP=A9
 0001:00043D94 00000071 C=CODE    S=_TEXT    G=(none)   M=C:\LANGUAGE\XHARBOUR\LIB\RTL.LIB|net ACBP=A9
 0001:00043E08 00000006 C=CODE    S=_TEXT    G=(none)   M=C:\LANGUAGE\XHARBOUR\LIB\RTL.LIB|pad ACBP=A9
 0001:00043E10 00000141 C=CODE    S=_TEXT    G=(none)   M=C:\LANGUAGE\XHARBOUR\LIB\RTL.LIB|padc ACBP=A9
 0001:00043F54 0000010F C=CODE    S=_TEXT    G=(none)   M=C:\LANGUAGE\XHARBOUR\LIB\RTL.LIB|padl ACBP=A9
 0001:00044064 00000108 C=CODE    S=_TEXT    G=(none)   M=C:\LANGUAGE\XHARBOUR\LIB\RTL.LIB|padr ACBP=A9
 0001:0004416C 00000CEA C=CODE    S=_TEXT    G=(none)   M=C:\LANGUAGE\XHARBOUR\LIB\RTL.LIB|philes ACBP=A9
 0001:00044E58 0000008D C=CODE    S=_TEXT    G=(none)   M=C:\LANGUAGE\XHARBOUR\LIB\RTL.LIB|philesx ACBP=A9
 0001:00044EE8 000000F8 C=CODE    S=_TEXT    G=(none)   M=C:\LANGUAGE\XHARBOUR\LIB\RTL.LIB|rat ACBP=A9
 0001:00044FE0 0000012F C=CODE    S=_TEXT    G=(none)   M=C:\LANGUAGE\XHARBOUR\LIB\RTL.LIB|replic ACBP=A9
 0001:00045110 00000093 C=CODE    S=_TEXT    G=(none)   M=C:\LANGUAGE\XHARBOUR\LIB\RTL.LIB|right ACBP=A9
 0001:000451A4 00000132 C=CODE    S=_TEXT    G=(none)   M=C:\LANGUAGE\XHARBOUR\LIB\RTL.LIB|round ACBP=A9
 0001:000452D8 000001FC C=CODE    S=_TEXT    G=(none)   M=C:\LANGUAGE\XHARBOUR\LIB\RTL.LIB|samples ACBP=A9
 0001:000454D4 000002E4 C=CODE    S=_TEXT    G=(none)   M=C:\LANGUAGE\XHARBOUR\LIB\RTL.LIB|seconds ACBP=A9
 0001:000457B8 000011EA C=CODE    S=_TEXT    G=(none)   M=C:\LANGUAGE\XHARBOUR\LIB\RTL.LIB|regex ACBP=A9
 0001:000469A4 00000155 C=CODE    S=_TEXT    G=(none)   M=C:\LANGUAGE\XHARBOUR\LIB\RTL.LIB|setcolor ACBP=A9
 0001:00046AFC 00000064 C=CODE    S=_TEXT    G=(none)   M=C:\LANGUAGE\XHARBOUR\LIB\RTL.LIB|setcurs ACBP=A9
 0001:00046B60 0000059D C=CODE    S=_TEXT    G=(none)   M=C:\LANGUAGE\XHARBOUR\LIB\RTL.LIB|setkey ACBP=A9
 0001:00047100 0000008D C=CODE    S=_TEXT    G=(none)   M=C:\LANGUAGE\XHARBOUR\LIB\RTL.LIB|setpos ACBP=A9
 0001:00047190 0000002A C=CODE    S=_TEXT    G=(none)   M=C:\LANGUAGE\XHARBOUR\LIB\RTL.LIB|setposbs ACBP=A9
 0001:000471BC 00000086 C=CODE    S=_TEXT    G=(none)   M=C:\LANGUAGE\XHARBOUR\LIB\RTL.LIB|space ACBP=A9
 0001:00047244 000002FA C=CODE    S=_TEXT    G=(none)   M=C:\LANGUAGE\XHARBOUR\LIB\RTL.LIB|spfiles ACBP=A9
 0001:00047540 0000023D C=CODE    S=_TEXT    G=(none)   M=C:\LANGUAGE\XHARBOUR\LIB\RTL.LIB|str ACBP=A9
 0001:00047780 0000034E C=CODE    S=_TEXT    G=(none)   M=C:\LANGUAGE\XHARBOUR\LIB\RTL.LIB|strcase ACBP=A9
 0001:00047AD0 00000141 C=CODE    S=_TEXT    G=(none)   M=C:\LANGUAGE\XHARBOUR\LIB\RTL.LIB|strdel ACBP=A9
 0001:00047C14 00000035 C=CODE    S=_TEXT    G=(none)   M=C:\LANGUAGE\XHARBOUR\LIB\RTL.LIB|strings ACBP=A9
 0001:00047C4C 00000691 C=CODE    S=_TEXT    G=(none)   M=C:\LANGUAGE\XHARBOUR\LIB\RTL.LIB|strmatch ACBP=A9
 0001:000482E0 00000324 C=CODE    S=_TEXT    G=(none)   M=C:\LANGUAGE\XHARBOUR\LIB\RTL.LIB|strtran ACBP=A9
 0001:00048604 00000143 C=CODE    S=_TEXT    G=(none)   M=C:\LANGUAGE\XHARBOUR\LIB\RTL.LIB|strzero ACBP=A9
 0001:00048748 0000017E C=CODE    S=_TEXT    G=(none)   M=C:\LANGUAGE\XHARBOUR\LIB\RTL.LIB|stuff ACBP=A9
 0001:000488C8 00000153 C=CODE    S=_TEXT    G=(none)   M=C:\LANGUAGE\XHARBOUR\LIB\RTL.LIB|substr ACBP=A9
 0001:00048A1C 00001168 C=CODE    S=_TEXT    G=(none)   M=C:\LANGUAGE\XHARBOUR\LIB\RTL.LIB|tprinter ACBP=A9
 0001:00049B84 000001B0 C=CODE    S=_TEXT    G=(none)   M=C:\LANGUAGE\XHARBOUR\LIB\RTL.LIB|trace ACBP=A9
 0001:00049D34 00001C50 C=CODE    S=_TEXT    G=(none)   M=C:\LANGUAGE\XHARBOUR\LIB\RTL.LIB|transfrm ACBP=A9
 0001:0004B984 0000025E C=CODE    S=_TEXT    G=(none)   M=C:\LANGUAGE\XHARBOUR\LIB\RTL.LIB|trim ACBP=A9
 0001:0004BBE4 00000077 C=CODE    S=_TEXT    G=(none)   M=C:\LANGUAGE\XHARBOUR\LIB\RTL.LIB|type ACBP=A9
 0001:0004BC5C 0000009D C=CODE    S=_TEXT    G=(none)   M=C:\LANGUAGE\XHARBOUR\LIB\RTL.LIB|val ACBP=A9
 0001:0004BCFC 0000042E C=CODE    S=_TEXT    G=(none)   M=C:\LANGUAGE\XHARBOUR\LIB\RTL.LIB|valtype ACBP=A9
 0001:0004C12C 00000394 C=CODE    S=_TEXT    G=(none)   M=C:\LANGUAGE\XHARBOUR\LIB\RTL.LIB|version ACBP=A9
 0001:0004C4C0 0000004A C=CODE    S=_TEXT    G=(none)   M=C:\LANGUAGE\XHARBOUR\LIB\RTL.LIB|word ACBP=A9
 0001:0004C50C 0000005C C=CODE    S=_TEXT    G=(none)   M=C:\LANGUAGE\XHARBOUR\LIB\RTL.LIB|xhelp ACBP=A9
 0001:0004C568 000000E4 C=CODE    S=_TEXT    G=(none)   M=C:\LANGUAGE\XHARBOUR\LIB\RTL.LIB|xsavescr ACBP=A9
 0001:0004C64C 00000164 C=CODE    S=_TEXT    G=(none)   M=C:\LANGUAGE\XHARBOUR\LIB\RTL.LIB|cstr ACBP=A9
 0001:0004C7B0 00000074 C=CODE    S=_TEXT    G=(none)   M=C:\LANGUAGE\XHARBOUR\LIB\RTL.LIB|decode ACBP=A9
 0001:0004C824 00000060 C=CODE    S=_TEXT    G=(none)   M=C:\LANGUAGE\XHARBOUR\LIB\RTL.LIB|fieldbl ACBP=A9
 0001:0004C884 0000004C C=CODE    S=_TEXT    G=(none)   M=C:\LANGUAGE\XHARBOUR\LIB\RTL.LIB|memvarbl ACBP=A9
 0001:0004C8D0 000001DC C=CODE    S=_TEXT    G=(none)   M=C:\LANGUAGE\XHARBOUR\LIB\RTL.LIB|objfunc ACBP=A9
 0001:0004CAAC 00000204 C=CODE    S=_TEXT    G=(none)   M=C:\LANGUAGE\XHARBOUR\LIB\RTL.LIB|tclass ACBP=A9
 0001:0004CCB0 000003D4 C=CODE    S=_TEXT    G=(none)   M=C:\LANGUAGE\XHARBOUR\LIB\RTL.LIB|tget ACBP=A9
 0001:0004D084 000001A3 C=CODE    S=_TEXT    G=(none)   M=C:\LANGUAGE\XHARBOUR\LIB\RTL.LIB|tobject ACBP=A9
 0001:0004D228 00000060 C=CODE    S=_TEXT    G=(none)   M=C:\LANGUAGE\XHARBOUR\LIB\RTL.LIB|traceprg ACBP=A9
 0001:0004D288 0000026E C=CODE    S=_TEXT    G=(none)   M=C:\LANGUAGE\XHARBOUR\LIB\RTL.LIB|tscalar ACBP=A9
 0001:0004D4F8 00000240 C=CODE    S=_TEXT    G=(none)   M=C:\LANGUAGE\XHARBOUR\LIB\RTL.LIB|win32ole ACBP=A9
 0001:0004D738 00002838 C=CODE    S=_TEXT    G=(none)   M=C:\LANGUAGE\XHARBOUR\LIB\RTL.LIB|hbwinole ACBP=A9
 0001:0004FF70 0000015D C=CODE    S=_TEXT    G=(none)   M=C:\LANGUAGE\XHARBOUR\LIB\RTL.LIB|win_misc ACBP=A9
 0001:000500D0 00001D21 C=CODE    S=_TEXT    G=(none)   M=C:\LANGUAGE\XHARBOUR\LIB\VM.LIB|arrays ACBP=A9
 0001:00051DF4 000035C7 C=CODE    S=_TEXT    G=(none)   M=C:\LANGUAGE\XHARBOUR\LIB\VM.LIB|arrayshb ACBP=A9
 0001:000553BC 000004A5 C=CODE    S=_TEXT    G=(none)   M=C:\LANGUAGE\XHARBOUR\LIB\VM.LIB|asort ACBP=A9
 0001:00055864 00005ABB C=CODE    S=_TEXT    G=(none)   M=C:\LANGUAGE\XHARBOUR\LIB\VM.LIB|classes ACBP=A9
 0001:0005B320 00000127 C=CODE    S=_TEXT    G=(none)   M=C:\LANGUAGE\XHARBOUR\LIB\VM.LIB|classesc ACBP=A9
 0001:0005B448 000002E9 C=CODE    S=_TEXT    G=(none)   M=C:\LANGUAGE\XHARBOUR\LIB\VM.LIB|codebloc ACBP=A9
 0001:0005B734 00000416 C=CODE    S=_TEXT    G=(none)   M=C:\LANGUAGE\XHARBOUR\LIB\VM.LIB|debug ACBP=A9
 0001:0005BB4C 00000794 C=CODE    S=_TEXT    G=(none)   M=C:\LANGUAGE\XHARBOUR\LIB\VM.LIB|dynsym ACBP=A9
 0001:0005C2E0 00002185 C=CODE    S=_TEXT    G=(none)   M=C:\LANGUAGE\XHARBOUR\LIB\VM.LIB|errorapi ACBP=A9
 0001:0005E468 00000B0D C=CODE    S=_TEXT    G=(none)   M=C:\LANGUAGE\XHARBOUR\LIB\VM.LIB|estack ACBP=A9
 0001:0005EF78 00000AB0 C=CODE    S=_TEXT    G=(none)   M=C:\LANGUAGE\XHARBOUR\LIB\VM.LIB|eval ACBP=A9
 0001:0005FA28 00000085 C=CODE    S=_TEXT    G=(none)   M=C:\LANGUAGE\XHARBOUR\LIB\VM.LIB|evalhb ACBP=A9
 0001:0005FAB0 00001D5A C=CODE    S=_TEXT    G=(none)   M=C:\LANGUAGE\XHARBOUR\LIB\VM.LIB|extend ACBP=A9
 0001:0006180C 000041CE C=CODE    S=_TEXT    G=(none)   M=C:\LANGUAGE\XHARBOUR\LIB\VM.LIB|fm ACBP=A9
 0001:000659DC 00000E98 C=CODE    S=_TEXT    G=(none)   M=C:\LANGUAGE\XHARBOUR\LIB\VM.LIB|garbage ACBP=A9
 0001:00066874 000034C6 C=CODE    S=_TEXT    G=(none)   M=C:\LANGUAGE\XHARBOUR\LIB\VM.LIB|hash ACBP=A9
 0001:00069D3C 00013113 C=CODE    S=_TEXT    G=(none)   M=C:\LANGUAGE\XHARBOUR\LIB\VM.LIB|hvm ACBP=A9
 0001:0007CE50 00000030 C=CODE    S=_TEXT    G=(none)   M=C:\LANGUAGE\XHARBOUR\LIB\VM.LIB|initexit ACBP=A9
 0001:0007CE80 00001EBA C=CODE    S=_TEXT    G=(none)   M=C:\LANGUAGE\XHARBOUR\LIB\VM.LIB|itemapi ACBP=A9
 0001:0007ED3C 00000957 C=CODE    S=_TEXT    G=(none)   M=C:\LANGUAGE\XHARBOUR\LIB\VM.LIB|fastitem ACBP=A9
 0001:0007F694 00001CA7 C=CODE    S=_TEXT    G=(none)   M=C:\LANGUAGE\XHARBOUR\LIB\VM.LIB|macro ACBP=A9
 0001:0008133C 00001E0E C=CODE    S=_TEXT    G=(none)   M=C:\LANGUAGE\XHARBOUR\LIB\VM.LIB|memvars ACBP=A9
 0001:0008314C 0000002B C=CODE    S=_TEXT    G=(none)   M=C:\LANGUAGE\XHARBOUR\LIB\VM.LIB|pcount ACBP=A9
 0001:00083178 00000355 C=CODE    S=_TEXT    G=(none)   M=C:\LANGUAGE\XHARBOUR\LIB\VM.LIB|proc ACBP=A9
 0001:000834D0 00004C06 C=CODE    S=_TEXT    G=(none)   M=C:\LANGUAGE\XHARBOUR\LIB\VM.LIB|set ACBP=A9
 0001:000880D8 00000268 C=CODE    S=_TEXT    G=(none)   M=C:\LANGUAGE\XHARBOUR\LIB\VM.LIB|thread ACBP=A9
 0001:00088340 000005CF C=CODE    S=_TEXT    G=(none)   M=C:\LANGUAGE\XHARBOUR\LIB\VM.LIB|cmdarg ACBP=A9
 0001:00088910 000011C5 C=CODE    S=_TEXT    G=(none)   M=C:\LANGUAGE\XHARBOUR\LIB\VM.LIB|hbi18n ACBP=A9
 0001:00089AD8 00000014 C=CODE    S=_TEXT    G=(none)   M=C:\LANGUAGE\XHARBOUR\LIB\VM.LIB|break ACBP=A9
 0001:00089AEC 00000019 C=CODE    S=_TEXT    G=(none)   M=C:\LANGUAGE\XHARBOUR\LIB\VM.LIB|initsymb ACBP=A9
 0001:00089B08 00000076 C=CODE    S=_TEXT    G=(none)   M=C:\LANGUAGE\XHARBOUR\LIB\VM.LIB|throw ACBP=A9
 0001:00089B80 00000100 C=CODE    S=_TEXT    G=(none)   M=C:\LANGUAGE\XHARBOUR\LIB\VM.LIB|harbinit ACBP=A9
 0001:00089C80 00000660 C=CODE    S=_TEXT    G=(none)   M=C:\LANGUAGE\XHARBOUR\LIB\VM.LIB|bkgtsks ACBP=A9
 0001:0008A2E0 0000012C C=CODE    S=_TEXT    G=(none)   M=C:\LANGUAGE\XHARBOUR\LIB\VM.LIB|mainwin ACBP=A9
 0001:0008A40C 00000010 C=CODE    S=_TEXT    G=(none)   M=C:\LANGUAGE\XHARBOUR\LIB\LANG.LIB|msgen ACBP=A9
 0001:0008A41C 00002A31 C=CODE    S=_TEXT    G=(none)   M=C:\LANGUAGE\XHARBOUR\LIB\MACRO.LIB|macroy ACBP=A9
 0001:0008CE50 00000341 C=CODE    S=_TEXT    G=(none)   M=C:\LANGUAGE\XHARBOUR\LIB\MACRO.LIB|macroa ACBP=A9
 0001:0008D194 00005BBD C=CODE    S=_TEXT    G=(none)   M=C:\LANGUAGE\XHARBOUR\LIB\MACRO.LIB|macrob ACBP=A9
 0001:00092D54 00000864 C=CODE    S=_TEXT    G=(none)   M=C:\LANGUAGE\XHARBOUR\LIB\MACRO.LIB|macroc ACBP=A9
 0001:000935B8 00002349 C=CODE    S=_TEXT    G=(none)   M=C:\LANGUAGE\XHARBOUR\LIB\MACRO.LIB|macroslx ACBP=A9
 0001:00095904 000037E9 C=CODE    S=_TEXT    G=(none)   M=C:\LANGUAGE\XHARBOUR\LIB\RDD.LIB|dbcmd ACBP=A9
 0001:000990F0 00000C62 C=CODE    S=_TEXT    G=(none)   M=C:\LANGUAGE\XHARBOUR\LIB\RDD.LIB|dbcmd53 ACBP=A9
 0001:00099D54 0000028E C=CODE    S=_TEXT    G=(none)   M=C:\LANGUAGE\XHARBOUR\LIB\RDD.LIB|dbcmdx ACBP=A9
 0001:00099FE4 0000000E C=CODE    S=_TEXT    G=(none)   M=C:\LANGUAGE\XHARBOUR\LIB\RDD.LIB|dbcmdhb ACBP=A9
 0001:00099FF4 00000026 C=CODE    S=_TEXT    G=(none)   M=C:\LANGUAGE\XHARBOUR\LIB\RDD.LIB|fieldhb ACBP=A9
 0001:0009A01C 000025EA C=CODE    S=_TEXT    G=(none)   M=C:\LANGUAGE\XHARBOUR\LIB\RDD.LIB|workarea ACBP=A9
 0001:0009C608 00000867 C=CODE    S=_TEXT    G=(none)   M=C:\LANGUAGE\XHARBOUR\LIB\RDD.LIB|wacore ACBP=A9
 0001:0009CE70 000014B6 C=CODE    S=_TEXT    G=(none)   M=C:\LANGUAGE\XHARBOUR\LIB\RDD.LIB|wafunc ACBP=A9
 0001:0009E328 00008388 C=CODE    S=_TEXT    G=(none)   M=C:\LANGUAGE\XHARBOUR\LIB\RDD.LIB|dbf1 ACBP=A9
 0001:000A66B0 0000069F C=CODE    S=_TEXT    G=(none)   M=C:\LANGUAGE\XHARBOUR\LIB\RDD.LIB|hbdbsort ACBP=A9
 0001:000A6D50 000000D8 C=CODE    S=_TEXT    G=(none)   M=C:\LANGUAGE\XHARBOUR\LIB\RDD.LIB|rddord ACBP=A9
 0001:000A6E28 0000004C C=CODE    S=_TEXT    G=(none)   M=C:\LANGUAGE\XHARBOUR\LIB\RDD.LIB|rddsys ACBP=A9
 0001:000A6E74 0000AB40 C=CODE    S=_TEXT    G=(none)   M=C:\LANGUAGE\XHARBOUR\LIB\DBFNTX.LIB|dbfntx1 ACBP=A9
 0001:000B19B4 00007584 C=CODE    S=_TEXT    G=(none)   M=C:\LANGUAGE\XHARBOUR\LIB\DBFFPT.LIB|dbffpt1 ACBP=A9
 0001:000B8F38 000003BF C=CODE    S=_TEXT    G=(none)   M=C:\LANGUAGE\XHARBOUR\LIB\HBSIX.LIB|sxcrypt ACBP=A9
 0001:000B92F8 000000F8 C=CODE    S=_TEXT    G=(none)   M=C:\LANGUAGE\XHARBOUR\LIB\HBSIX.LIB|sxdate ACBP=A9
 0001:000B93F0 0000003F C=CODE    S=_TEXT    G=(none)   M=C:\LANGUAGE\XHARBOUR\LIB\COMMON.LIB|hbfopen ACBP=A9
 0001:000B9430 000003DF C=CODE    S=_TEXT    G=(none)   M=C:\LANGUAGE\XHARBOUR\LIB\COMMON.LIB|hbfsapi ACBP=A9
 0001:000B9810 000000F7 C=CODE    S=_TEXT    G=(none)   M=C:\LANGUAGE\XHARBOUR\LIB\COMMON.LIB|hbgete ACBP=A9
 0001:000B9908 00001164 C=CODE    S=_TEXT    G=(none)   M=C:\LANGUAGE\XHARBOUR\LIB\COMMON.LIB|hbstr ACBP=A9
 0001:000BAA6C 00001AA1 C=CODE    S=_TEXT    G=(none)   M=C:\LANGUAGE\XHARBOUR\LIB\COMMON.LIB|hbprintf ACBP=A9
 0001:000BC510 00000225 C=CODE    S=_TEXT    G=(none)   M=C:\LANGUAGE\XHARBOUR\LIB\COMMON.LIB|hbtrace ACBP=A9
 0001:000BC738 00000FE2 C=CODE    S=_TEXT    G=(none)   M=C:\LANGUAGE\XHARBOUR\LIB\COMMON.LIB|hbver ACBP=A9
 0001:000BD71C 00000AC6 C=CODE    S=_TEXT    G=(none)   M=C:\LANGUAGE\XHARBOUR\LIB\COMMON.LIB|expropt1 ACBP=A9
 0001:000BE1E4 0000135B C=CODE    S=_TEXT    G=(none)   M=C:\LANGUAGE\XHARBOUR\LIB\COMMON.LIB|expropt2 ACBP=A9
 0001:000BF540 00000060 C=CODE    S=_TEXT    G=(none)   M=C:\LANGUAGE\XHARBOUR\LIB\COMMON.LIB|reserved ACBP=A9
 0001:000BF5A0 00001929 C=CODE    S=_TEXT    G=(none)   M=C:\LANGUAGE\XHARBOUR\LIB\COMMON.LIB|hbdate ACBP=A9
 0001:000C0ECC 00000181 C=CODE    S=_TEXT    G=(none)   M=C:\LANGUAGE\XHARBOUR\LIB\COMMON.LIB|hbwince ACBP=A9
 0001:000C1050 00007A00 C=CODE    S=_TEXT    G=(none)   M=C:\LANGUAGE\XHARBOUR\LIB\PCREPOS.LIB|pcre_compile ACBP=A9
 0001:000C8A50 0000B70F C=CODE    S=_TEXT    G=(none)   M=C:\LANGUAGE\XHARBOUR\LIB\PCREPOS.LIB|pcre_exec ACBP=A9
 0001:000D4160 0000025E C=CODE    S=_TEXT    G=(none)   M=C:\LANGUAGE\XHARBOUR\LIB\PCREPOS.LIB|pcre_fullinfo ACBP=A9
 0001:000D43C0 000003D7 C=CODE    S=_TEXT    G=(none)   M=C:\LANGUAGE\XHARBOUR\LIB\PCREPOS.LIB|pcre_newline ACBP=A9
 0001:000D4798 0000004F C=CODE    S=_TEXT    G=(none)   M=C:\LANGUAGE\XHARBOUR\LIB\PCREPOS.LIB|pcre_ord2utf8 ACBP=A9
 0001:000D47E8 00000428 C=CODE    S=_TEXT    G=(none)   M=C:\LANGUAGE\XHARBOUR\LIB\PCREPOS.LIB|pcre_valid_utf8 ACBP=A9
 0001:000D4C10 00000016 C=CODE    S=_TEXT    G=(none)   M=C:\LANGUAGE\XHARBOUR\LIB\PCREPOS.LIB|pcre_version ACBP=A9
 0001:000D4C28 00000415 C=CODE    S=_TEXT    G=(none)   M=C:\LANGUAGE\XHARBOUR\LIB\PCREPOS.LIB|pcre_xclass ACBP=A9
 0001:000D5040 000003C5 C=CODE    S=_TEXT    G=(none)   M=C:\LANGUAGE\XHARBOUR\LIB\PCREPOS.LIB|pcreposix ACBP=A9
 0001:000D5408 00000559 C=CODE    S=_TEXT    G=(none)   M=C:\LANGUAGE\XHARBOUR\LIB\CT.LIB|atnum ACBP=A9
 0001:000D5964 000001E3 C=CODE    S=_TEXT    G=(none)   M=C:\LANGUAGE\XHARBOUR\LIB\CT.LIB|blank ACBP=A9
 0001:000D5B48 0000031D C=CODE    S=_TEXT    G=(none)   M=C:\LANGUAGE\XHARBOUR\LIB\CT.LIB|charonly ACBP=A9
 0001:000D5E68 000002A2 C=CODE    S=_TEXT    G=(none)   M=C:\LANGUAGE\XHARBOUR\LIB\CT.LIB|ctc ACBP=A9
 0001:000D610C 00000105 C=CODE    S=_TEXT    G=(none)   M=C:\LANGUAGE\XHARBOUR\LIB\CT.LIB|ctmath ACBP=A9
 0001:000D6214 0000044E C=CODE    S=_TEXT    G=(none)   M=C:\LANGUAGE\XHARBOUR\LIB\CT.LIB|ctmath2 ACBP=A9
 0001:000D6664 000004FD C=CODE    S=_TEXT    G=(none)   M=C:\LANGUAGE\XHARBOUR\LIB\CT.LIB|ctstr ACBP=A9
 0001:000D6B64 00000516 C=CODE    S=_TEXT    G=(none)   M=C:\LANGUAGE\XHARBOUR\LIB\CT.LIB|range ACBP=A9
 0001:000D707C 000009BF C=CODE    S=_TEXT    G=(none)   M=C:\LANGUAGE\XHARBOUR\LIB\CT.LIB|token1 ACBP=A9
 0001:000D7A3C 00000377 C=CODE    S=_TEXT    G=(none)   M=C:\LANGUAGE\XHARBOUR\LIB\ZLIB.LIB|adler32 ACBP=A9
 0001:000D7DB4 0000091F C=CODE    S=_TEXT    G=(none)   M=C:\LANGUAGE\XHARBOUR\LIB\ZLIB.LIB|crc32 ACBP=A9
 0001:000D86D4 000025DF C=CODE    S=_TEXT    G=(none)   M=C:\LANGUAGE\XHARBOUR\LIB\ZLIB.LIB|deflate ACBP=A9
 0001:000DACB4 00000493 C=CODE    S=_TEXT    G=(none)   M=C:\LANGUAGE\XHARBOUR\LIB\ZLIB.LIB|inffast ACBP=A9
 0001:000DB148 00001D7D C=CODE    S=_TEXT    G=(none)   M=C:\LANGUAGE\XHARBOUR\LIB\ZLIB.LIB|inflate ACBP=A9
 0001:000DCEC8 00000429 C=CODE    S=_TEXT    G=(none)   M=C:\LANGUAGE\XHARBOUR\LIB\ZLIB.LIB|inftrees ACBP=A9
 0001:000DD2F4 00001CCB C=CODE    S=_TEXT    G=(none)   M=C:\LANGUAGE\XHARBOUR\LIB\ZLIB.LIB|trees ACBP=A9
 0001:000DEFC0 000000EF C=CODE    S=_TEXT    G=(none)   M=C:\LANGUAGE\XHARBOUR\LIB\ZLIB.LIB|zutil ACBP=A9
 0001:000DF0AF 000015B9 C=CODE    S=_TEXT    G=(none)   M=C:\LANGUAGE\XHARBOUR\LIB\HBZIP.LIB|ziparchive ACBP=A9
 0001:000E0578 000025F4 C=CODE    S=_TEXT    G=(none)   M=C:\LANGUAGE\XHARBOUR\LIB\PNG.LIB|png ACBP=A9
 0001:000E2B6C 0000060B C=CODE    S=_TEXT    G=(none)   M=C:\LANGUAGE\XHARBOUR\LIB\PNG.LIB|pngerror ACBP=A9
 0001:000E3178 0000101D C=CODE    S=_TEXT    G=(none)   M=C:\LANGUAGE\XHARBOUR\LIB\PNG.LIB|pngget ACBP=A9
 0001:000E4198 0000025E C=CODE    S=_TEXT    G=(none)   M=C:\LANGUAGE\XHARBOUR\LIB\PNG.LIB|pngmem ACBP=A9
 0001:000E43F8 0000132A C=CODE    S=_TEXT    G=(none)   M=C:\LANGUAGE\XHARBOUR\LIB\PNG.LIB|pngread ACBP=A9
 0001:000E5724 000000B0 C=CODE    S=_TEXT    G=(none)   M=C:\LANGUAGE\XHARBOUR\LIB\PNG.LIB|pngrio ACBP=A9
 0001:000E57D4 00005217 C=CODE    S=_TEXT    G=(none)   M=C:\LANGUAGE\XHARBOUR\LIB\PNG.LIB|pngrtran ACBP=A9
 0001:000EA9EC 00004D09 C=CODE    S=_TEXT    G=(none)   M=C:\LANGUAGE\XHARBOUR\LIB\PNG.LIB|pngrutil ACBP=A9
 0001:000EF6F8 000016D6 C=CODE    S=_TEXT    G=(none)   M=C:\LANGUAGE\XHARBOUR\LIB\PNG.LIB|pngset ACBP=A9
 0001:000F0DD0 000004A3 C=CODE    S=_TEXT    G=(none)   M=C:\LANGUAGE\XHARBOUR\LIB\PNG.LIB|pngtrans ACBP=A9
 0001:000F1274 000000F5 C=CODE    S=_TEXT    G=(none)   M=C:\LANGUAGE\XHARBOUR\LIB\PNG.LIB|pngwio ACBP=A9
 0001:000F136C 000015C4 C=CODE    S=_TEXT    G=(none)   M=C:\LANGUAGE\XHARBOUR\LIB\PNG.LIB|pngwrite ACBP=A9
 0001:000F2930 0000084B C=CODE    S=_TEXT    G=(none)   M=C:\LANGUAGE\XHARBOUR\LIB\PNG.LIB|pngwtran ACBP=A9
 0001:000F317C 00003581 C=CODE    S=_TEXT    G=(none)   M=C:\LANGUAGE\XHARBOUR\LIB\PNG.LIB|pngwutil ACBP=A9
 0001:000F6700 00000028 C=CODE    S=_TEXT    G=(none)   M=C:\LANGUAGE\BORLAND\LIB\CW32.LIB|delaop ACBP=A9
 0001:000F6728 0000002E C=CODE    S=_TEXT    G=(none)   M=C:\LANGUAGE\BORLAND\LIB\CW32.LIB|delop ACBP=A9
 0001:000F6758 0000004E C=CODE    S=_TEXT    G=(none)   M=C:\LANGUAGE\BORLAND\LIB\CW32.LIB|exceptio ACBP=A9
 0001:000F678D 00000099 C=CODE    S=_TEXT    G=(none)   M=C:\LANGUAGE\BORLAND\LIB\CW32.LIB|gccex ACBP=A9
 0001:000F67DA 000006EE C=CODE    S=_TEXT    G=(none)   M=C:\LANGUAGE\BORLAND\LIB\CW32.LIB|inst ACBP=A9
 0001:000F6EA0 0000245C C=CODE    S=_TEXT    G=(none)   M=C:\LANGUAGE\BORLAND\LIB\CW32.LIB|ios ACBP=A9
 0001:000F92D4 000045B6 C=CODE    S=_TEXT    G=(none)   M=C:\LANGUAGE\BORLAND\LIB\CW32.LIB|iostream ACBP=A9
 0001:000FD864 000002EF C=CODE    S=_TEXT    G=(none)   M=C:\LANGUAGE\BORLAND\LIB\CW32.LIB|dwlocale ACBP=A9
 0001:000FDB2C 00002106 C=CODE    S=_TEXT    G=(none)   M=C:\LANGUAGE\BORLAND\LIB\CW32.LIB|locale0 ACBP=A9
 0001:000FFC32 00000019 C=CODE    S=_TEXT    G=(none)   M=C:\LANGUAGE\BORLAND\LIB\CW32.LIB|new ACBP=A9
 0001:000FFC34 00000074 C=CODE    S=_TEXT    G=(none)   M=C:\LANGUAGE\BORLAND\LIB\CW32.LIB|newaop ACBP=A9
 0001:000FFC5C 0000011E C=CODE    S=_TEXT    G=(none)   M=C:\LANGUAGE\BORLAND\LIB\CW32.LIB|newop ACBP=A9
 0001:000FFD57 00000EB1 C=CODE    S=_TEXT    G=(none)   M=C:\LANGUAGE\BORLAND\LIB\CW32.LIB|string ACBP=A9
 0001:00100BE0 000043B1 C=CODE    S=_TEXT    G=(none)   M=C:\LANGUAGE\BORLAND\LIB\CW32.LIB|wiostrea ACBP=A9
 0001:00104F69 000000D4 C=CODE    S=_TEXT    G=(none)   M=C:\LANGUAGE\BORLAND\LIB\CW32.LIB|xlocinfo ACBP=A9
 0001:00105040 00000110 C=CODE    S=_TEXT    G=(none)   M=C:\LANGUAGE\BORLAND\LIB\CW32.LIB|xstart ACBP=A9
 0001:00105150 00000027 C=CODE    S=_TEXT    G=(none)   M=C:\LANGUAGE\BORLAND\LIB\CW32.LIB|wchar ACBP=A9
 0001:00105178 0000014B C=CODE    S=_TEXT    G=(none)   M=C:\LANGUAGE\BORLAND\LIB\CW32.LIB|hrdir_b ACBP=A9
 0001:001052C4 00000020 C=CODE    S=_TEXT    G=(none)   M=C:\LANGUAGE\BORLAND\LIB\CW32.LIB|hrdir_mf ACBP=A9
 0001:001052E4 000000DC C=CODE    S=_TEXT    G=(none)   M=C:\LANGUAGE\BORLAND\LIB\CW32.LIB|hrdir_s ACBP=A9
 0001:001053C0 00000001 C=CODE    S=_TEXT    G=(none)   M=C:\LANGUAGE\BORLAND\LIB\CW32.LIB|hrdir_us ACBP=A9
 0001:001053C4 00000DC2 C=CODE    S=_TEXT    G=(none)   M=C:\LANGUAGE\BORLAND\LIB\CW32.LIB|_fastmm ACBP=A9
 0001:00106188 00000B42 C=CODE    S=_TEXT    G=(none)   M=C:\LANGUAGE\BORLAND\LIB\CW32.LIB|_fastmma ACBP=A9
 0001:00106CCC 0000004A C=CODE    S=_TEXT    G=(none)   M=C:\LANGUAGE\BORLAND\LIB\CW32.LIB|heap ACBP=A9
 0001:00106D18 00000065 C=CODE    S=_TEXT    G=(none)   M=C:\LANGUAGE\BORLAND\LIB\CW32.LIB|realloc ACBP=A9
 0001:00106D80 00000001 C=CODE    S=_TEXT    G=(none)   M=C:\LANGUAGE\BORLAND\LIB\CW32.LIB|crtlst_i ACBP=A9
 0001:00106D84 00000001 C=CODE    S=_TEXT    G=(none)   M=C:\LANGUAGE\BORLAND\LIB\CW32.LIB|crtlst_l ACBP=A9
 0001:00106D88 00000032 C=CODE    S=_TEXT    G=(none)   M=C:\LANGUAGE\BORLAND\LIB\CW32.LIB|strdup ACBP=A9
 0001:00106DBC 000000A3 C=CODE    S=_TEXT    G=(none)   M=C:\LANGUAGE\BORLAND\LIB\CW32.LIB|strerror ACBP=A9
 0001:00106E60 0000004F C=CODE    S=_TEXT    G=(none)   M=C:\LANGUAGE\BORLAND\LIB\CW32.LIB|strncpy ACBP=A9
 0001:00106EB0 0000002D C=CODE    S=_TEXT    G=(none)   M=C:\LANGUAGE\BORLAND\LIB\CW32.LIB|strpbrk ACBP=A9
 0001:00106EE0 00000029 C=CODE    S=_TEXT    G=(none)   M=C:\LANGUAGE\BORLAND\LIB\CW32.LIB|strrchr ACBP=A9
 0001:00106F0C 00000060 C=CODE    S=_TEXT    G=(none)   M=C:\LANGUAGE\BORLAND\LIB\CW32.LIB|strstr ACBP=A9
 0001:00106F6C 0000003F C=CODE    S=_TEXT    G=(none)   M=C:\LANGUAGE\BORLAND\LIB\CW32.LIB|wcscpy ACBP=A9
 0001:00106FAC 00000018 C=CODE    S=_TEXT    G=(none)   M=C:\LANGUAGE\BORLAND\LIB\CW32.LIB|wcslen ACBP=A9
 0001:00106FC4 00000037 C=CODE    S=_TEXT    G=(none)   M=C:\LANGUAGE\BORLAND\LIB\CW32.LIB|_stpcpy ACBP=A9
 0001:00106FFC 00000055 C=CODE    S=_TEXT    G=(none)   M=C:\LANGUAGE\BORLAND\LIB\CW32.LIB|memchr ACBP=A9
 0001:00107054 0000006C C=CODE    S=_TEXT    G=(none)   M=C:\LANGUAGE\BORLAND\LIB\CW32.LIB|memcmp ACBP=A9
 0001:001070C0 00000016 C=CODE    S=_TEXT    G=(none)   M=C:\LANGUAGE\BORLAND\LIB\CW32.LIB|memcpy ACBP=A9
 0001:001070D8 00000117 C=CODE    S=_TEXT    G=(none)   M=C:\LANGUAGE\BORLAND\LIB\CW32.LIB|memmove ACBP=A9
 0001:001071F0 000000B3 C=CODE    S=_TEXT    G=(none)   M=C:\LANGUAGE\BORLAND\LIB\CW32.LIB|memset ACBP=A9
 0001:001072A4 0000005D C=CODE    S=_TEXT    G=(none)   M=C:\LANGUAGE\BORLAND\LIB\CW32.LIB|strcat ACBP=A9
 0001:00107304 0000004E C=CODE    S=_TEXT    G=(none)   M=C:\LANGUAGE\BORLAND\LIB\CW32.LIB|strchr ACBP=A9
 0001:00107354 0000004D C=CODE    S=_TEXT    G=(none)   M=C:\LANGUAGE\BORLAND\LIB\CW32.LIB|strcmp ACBP=A9
 0001:001073A4 00000049 C=CODE    S=_TEXT    G=(none)   M=C:\LANGUAGE\BORLAND\LIB\CW32.LIB|strcpy ACBP=A9
 0001:001073F0 0000005A C=CODE    S=_TEXT    G=(none)   M=C:\LANGUAGE\BORLAND\LIB\CW32.LIB|strlen ACBP=A9
 0001:0010744C 0000007A C=CODE    S=_TEXT    G=(none)   M=C:\LANGUAGE\BORLAND\LIB\CW32.LIB|strncat ACBP=A9
 0001:001074C8 0000005F C=CODE    S=_TEXT    G=(none)   M=C:\LANGUAGE\BORLAND\LIB\CW32.LIB|strncmp ACBP=A9
 0001:00107528 0000001C C=CODE    S=_TEXT    G=(none)   M=C:\LANGUAGE\BORLAND\LIB\CW32.LIB|wmemcpy ACBP=A9
 0001:00107544 000000DF C=CODE    S=_TEXT    G=(none)   M=C:\LANGUAGE\BORLAND\LIB\CW32.LIB|wmemset ACBP=A9
 0001:00107624 00000040 C=CODE    S=_TEXT    G=(none)   M=C:\LANGUAGE\BORLAND\LIB\CW32.LIB|__access ACBP=A9
 0001:00107664 00000063 C=CODE    S=_TEXT    G=(none)   M=C:\LANGUAGE\BORLAND\LIB\CW32.LIB|__close ACBP=A9
 0001:001076C8 00000013 C=CODE    S=_TEXT    G=(none)   M=C:\LANGUAGE\BORLAND\LIB\CW32.LIB|__dup ACBP=A9
 0001:001076DC 000000EF C=CODE    S=_TEXT    G=(none)   M=C:\LANGUAGE\BORLAND\LIB\CW32.LIB|__dup2 ACBP=A9
 0001:001077CC 00000086 C=CODE    S=_TEXT    G=(none)   M=C:\LANGUAGE\BORLAND\LIB\CW32.LIB|__eof ACBP=A9
 0001:00107854 00000047 C=CODE    S=_TEXT    G=(none)   M=C:\LANGUAGE\BORLAND\LIB\CW32.LIB|__isatty ACBP=A9
 0001:0010789C 00000076 C=CODE    S=_TEXT    G=(none)   M=C:\LANGUAGE\BORLAND\LIB\CW32.LIB|__lseek ACBP=A9
 0001:00107914 00000214 C=CODE    S=_TEXT    G=(none)   M=C:\LANGUAGE\BORLAND\LIB\CW32.LIB|__open ACBP=A9
 0001:00107B28 0000019A C=CODE    S=_TEXT    G=(none)   M=C:\LANGUAGE\BORLAND\LIB\CW32.LIB|__read ACBP=A9
 0001:00107CC4 000001DD C=CODE    S=_TEXT    G=(none)   M=C:\LANGUAGE\BORLAND\LIB\CW32.LIB|__wread ACBP=A9
 0001:00107EA4 0000011C C=CODE    S=_TEXT    G=(none)   M=C:\LANGUAGE\BORLAND\LIB\CW32.LIB|__write ACBP=A9
 0001:00107FC0 00000011 C=CODE    S=_TEXT    G=(none)   M=C:\LANGUAGE\BORLAND\LIB\CW32.LIB|_cfinfo ACBP=A9
 0001:00107FD4 00000075 C=CODE    S=_TEXT    G=(none)   M=C:\LANGUAGE\BORLAND\LIB\CW32.LIB|_read ACBP=A9
 0001:00108049 00000017 C=CODE    S=_TEXT    G=(none)   M=C:\LANGUAGE\BORLAND\LIB\CW32.LIB|_umask ACBP=A9
 0001:0010804C 00000061 C=CODE    S=_TEXT    G=(none)   M=C:\LANGUAGE\BORLAND\LIB\CW32.LIB|_write ACBP=A9
 0001:001080B0 0000007D C=CODE    S=_TEXT    G=(none)   M=C:\LANGUAGE\BORLAND\LIB\CW32.LIB|allocbuf ACBP=A9
 0001:00108130 0000009C C=CODE    S=_TEXT    G=(none)   M=C:\LANGUAGE\BORLAND\LIB\CW32.LIB|chdrive ACBP=A9
 0001:001081CC 0000008E C=CODE    S=_TEXT    G=(none)   M=C:\LANGUAGE\BORLAND\LIB\CW32.LIB|fclose ACBP=A9
 0001:0010825C 0000007F C=CODE    S=_TEXT    G=(none)   M=C:\LANGUAGE\BORLAND\LIB\CW32.LIB|fflush ACBP=A9
 0001:001082DC 0000001E C=CODE    S=_TEXT    G=(none)   M=C:\LANGUAGE\BORLAND\LIB\CW32.LIB|fgetpos ACBP=A9
 0001:001082FC 0000005A C=CODE    S=_TEXT    G=(none)   M=C:\LANGUAGE\BORLAND\LIB\CW32.LIB|flushout ACBP=A9
 0001:00108358 00000023 C=CODE    S=_TEXT    G=(none)   M=C:\LANGUAGE\BORLAND\LIB\CW32.LIB|fmodeptr ACBP=A9
 0001:0010837C 0000021B C=CODE    S=_TEXT    G=(none)   M=C:\LANGUAGE\BORLAND\LIB\CW32.LIB|fopen ACBP=A9
 0001:00108598 00000022 C=CODE    S=_TEXT    G=(none)   M=C:\LANGUAGE\BORLAND\LIB\CW32.LIB|fprintf ACBP=A9
 0001:001085BC 000000DC C=CODE    S=_TEXT    G=(none)   M=C:\LANGUAGE\BORLAND\LIB\CW32.LIB|fputn ACBP=A9
 0001:00108698 00000167 C=CODE    S=_TEXT    G=(none)   M=C:\LANGUAGE\BORLAND\LIB\CW32.LIB|fread ACBP=A9
 0001:00108800 0000014C C=CODE    S=_TEXT    G=(none)   M=C:\LANGUAGE\BORLAND\LIB\CW32.LIB|fseek ACBP=A9
 0001:0010894C 00000019 C=CODE    S=_TEXT    G=(none)   M=C:\LANGUAGE\BORLAND\LIB\CW32.LIB|fsetpos ACBP=A9
 0001:00108968 00000031 C=CODE    S=_TEXT    G=(none)   M=C:\LANGUAGE\BORLAND\LIB\CW32.LIB|fwrite ACBP=A9
 0001:0010899C 000002B9 C=CODE    S=_TEXT    G=(none)   M=C:\LANGUAGE\BORLAND\LIB\CW32.LIB|handles ACBP=A9
 0001:00108C58 0000007E C=CODE    S=_TEXT    G=(none)   M=C:\LANGUAGE\BORLAND\LIB\CW32.LIB|ioerror ACBP=A9
 0001:00108CD8 000001A6 C=CODE    S=_TEXT    G=(none)   M=C:\LANGUAGE\BORLAND\LIB\CW32.LIB|lgetc ACBP=A9
 0001:00108E80 000001A8 C=CODE    S=_TEXT    G=(none)   M=C:\LANGUAGE\BORLAND\LIB\CW32.LIB|lgetwc ACBP=A9
 0001:00109028 0000011A C=CODE    S=_TEXT    G=(none)   M=C:\LANGUAGE\BORLAND\LIB\CW32.LIB|lputc ACBP=A9
 0001:00109144 00000144 C=CODE    S=_TEXT    G=(none)   M=C:\LANGUAGE\BORLAND\LIB\CW32.LIB|lputwc ACBP=A9
 0001:00109288 00000091 C=CODE    S=_TEXT    G=(none)   M=C:\LANGUAGE\BORLAND\LIB\CW32.LIB|mkname ACBP=A9
 0001:00109319 00000083 C=CODE    S=_TEXT    G=(none)   M=C:\LANGUAGE\BORLAND\LIB\CW32.LIB|perror ACBP=A9
 0001:0010931C 00000023 C=CODE    S=_TEXT    G=(none)   M=C:\LANGUAGE\BORLAND\LIB\CW32.LIB|printf ACBP=A9
 0001:00109340 0000006E C=CODE    S=_TEXT    G=(none)   M=C:\LANGUAGE\BORLAND\LIB\CW32.LIB|setmode ACBP=A9
 0001:001093B0 0000004D C=CODE    S=_TEXT    G=(none)   M=C:\LANGUAGE\BORLAND\LIB\CW32.LIB|setvbuf ACBP=A9
 0001:00109400 00000078 C=CODE    S=_TEXT    G=(none)   M=C:\LANGUAGE\BORLAND\LIB\CW32.LIB|sprintf ACBP=A9
 0001:00109478 00000101 C=CODE    S=_TEXT    G=(none)   M=C:\LANGUAGE\BORLAND\LIB\CW32.LIB|streams ACBP=A9
 0001:0010957C 00000052 C=CODE    S=_TEXT    G=(none)   M=C:\LANGUAGE\BORLAND\LIB\CW32.LIB|ungetc ACBP=A9
 0001:001095D0 0000005C C=CODE    S=_TEXT    G=(none)   M=C:\LANGUAGE\BORLAND\LIB\CW32.LIB|ungetwc ACBP=A9
 0001:0010962C 0000001A C=CODE    S=_TEXT    G=(none)   M=C:\LANGUAGE\BORLAND\LIB\CW32.LIB|unlink ACBP=A9
 0001:00109648 00000022 C=CODE    S=_TEXT    G=(none)   M=C:\LANGUAGE\BORLAND\LIB\CW32.LIB|vfprintf ACBP=A9
 0001:0010966C 00000A98 C=CODE    S=_TEXT    G=(none)   M=C:\LANGUAGE\BORLAND\LIB\CW32.LIB|vprinter ACBP=A9
 0001:0010A104 0000002E C=CODE    S=_TEXT    G=(none)   M=C:\LANGUAGE\BORLAND\LIB\CW32.LIB|xfclose ACBP=A9
 0001:0010A134 00000027 C=CODE    S=_TEXT    G=(none)   M=C:\LANGUAGE\BORLAND\LIB\CW32.LIB|xfflush ACBP=A9
 0001:0010A15C 00000008 C=CODE    S=_TEXT    G=(none)   M=C:\LANGUAGE\BORLAND\LIB\CW32.LIB|access ACBP=A9
 0001:0010A164 00000008 C=CODE    S=_TEXT    G=(none)   M=C:\LANGUAGE\BORLAND\LIB\CW32.LIB|close ACBP=A9
 0001:0010A16C 00000008 C=CODE    S=_TEXT    G=(none)   M=C:\LANGUAGE\BORLAND\LIB\CW32.LIB|dup ACBP=A9
 0001:0010A174 00000006 C=CODE    S=_TEXT    G=(none)   M=C:\LANGUAGE\BORLAND\LIB\CW32.LIB|cconv ACBP=A9
 0001:0010A17C 000002CC C=CODE    S=_TEXT    G=(none)   M=C:\LANGUAGE\BORLAND\LIB\CW32.LIB|convt ACBP=A9
 0001:0010A448 0000006C C=CODE    S=_TEXT    G=(none)   M=C:\LANGUAGE\BORLAND\LIB\CW32.LIB|getinfo ACBP=A9
 0001:0010A4B4 00000116 C=CODE    S=_TEXT    G=(none)   M=C:\LANGUAGE\BORLAND\LIB\CW32.LIB|is ACBP=A9
 0001:0010A5CC 0000011B C=CODE    S=_TEXT    G=(none)   M=C:\LANGUAGE\BORLAND\LIB\CW32.LIB|wis ACBP=A9
 0001:0010A6E8 0000009F C=CODE    S=_TEXT    G=(none)   M=C:\LANGUAGE\BORLAND\LIB\CW32.LIB|isctype ACBP=A9
 0001:0010A788 000000E6 C=CODE    S=_TEXT    G=(none)   M=C:\LANGUAGE\BORLAND\LIB\CW32.LIB|iswctype ACBP=A9
 0001:0010A870 0000118F C=CODE    S=_TEXT    G=(none)   M=C:\LANGUAGE\BORLAND\LIB\CW32.LIB|locale ACBP=A9
 0001:0010BA00 00000816 C=CODE    S=_TEXT    G=(none)   M=C:\LANGUAGE\BORLAND\LIB\CW32.LIB|initcat ACBP=A9
 0001:0010C218 000000DD C=CODE    S=_TEXT    G=(none)   M=C:\LANGUAGE\BORLAND\LIB\CW32.LIB|lconv ACBP=A9
 0001:0010C2F8 00000024 C=CODE    S=_TEXT    G=(none)   M=C:\LANGUAGE\BORLAND\LIB\CW32.LIB|lstrlwr ACBP=A9
 0001:0010C31C 000000C0 C=CODE    S=_TEXT    G=(none)   M=C:\LANGUAGE\BORLAND\LIB\CW32.LIB|ltolower ACBP=A9
 0001:0010C3DC 000000C0 C=CODE    S=_TEXT    G=(none)   M=C:\LANGUAGE\BORLAND\LIB\CW32.LIB|ltoupper ACBP=A9
 0001:0010C49C 00000681 C=CODE    S=_TEXT    G=(none)   M=C:\LANGUAGE\BORLAND\LIB\CW32.LIB|mbyte1 ACBP=A9
 0001:0010CB20 00000252 C=CODE    S=_TEXT    G=(none)   M=C:\LANGUAGE\BORLAND\LIB\CW32.LIB|mbrtowc ACBP=A9
 0001:0010CD74 00000016 C=CODE    S=_TEXT    G=(none)   M=C:\LANGUAGE\BORLAND\LIB\CW32.LIB|lsetlocl ACBP=A9
 0001:0010CD8C 00000268 C=CODE    S=_TEXT    G=(none)   M=C:\LANGUAGE\BORLAND\LIB\CW32.LIB|_ll ACBP=A9
 0001:0010CFF4 0000001D C=CODE    S=_TEXT    G=(none)   M=C:\LANGUAGE\BORLAND\LIB\CW32.LIB|_finite ACBP=A9
 0001:0010D014 0000001E C=CODE    S=_TEXT    G=(none)   M=C:\LANGUAGE\BORLAND\LIB\CW32.LIB|_finitel ACBP=A9
 0001:0010D034 0000002B C=CODE    S=_TEXT    G=(none)   M=C:\LANGUAGE\BORLAND\LIB\CW32.LIB|_ftoul ACBP=A9
 0001:0010D060 00000045 C=CODE    S=_TEXT    G=(none)   M=C:\LANGUAGE\BORLAND\LIB\CW32.LIB|_isnan ACBP=A9
 0001:0010D0A8 00000049 C=CODE    S=_TEXT    G=(none)   M=C:\LANGUAGE\BORLAND\LIB\CW32.LIB|_isnanl ACBP=A9
 0001:0010D0F4 000000B0 C=CODE    S=_TEXT    G=(none)   M=C:\LANGUAGE\BORLAND\LIB\CW32.LIB|_matherr ACBP=A9
 0001:0010D1A4 00000184 C=CODE    S=_TEXT    G=(none)   M=C:\LANGUAGE\BORLAND\LIB\CW32.LIB|_pow10 ACBP=A9
 0001:0010D328 00000013 C=CODE    S=_TEXT    G=(none)   M=C:\LANGUAGE\BORLAND\LIB\CW32.LIB|atof ACBP=A9
 0001:0010D33C 00000077 C=CODE    S=_TEXT    G=(none)   M=C:\LANGUAGE\BORLAND\LIB\CW32.LIB|atol ACBP=A9
 0001:0010D3B4 0000001C C=CODE    S=_TEXT    G=(none)   M=C:\LANGUAGE\BORLAND\LIB\CW32.LIB|ceil ACBP=A9
 0001:0010D3D0 00000013 C=CODE    S=_TEXT    G=(none)   M=C:\LANGUAGE\BORLAND\LIB\CW32.LIB|clear87 ACBP=A9
 0001:0010D3E4 0000003F C=CODE    S=_TEXT    G=(none)   M=C:\LANGUAGE\BORLAND\LIB\CW32.LIB|cos ACBP=A9
 0001:0010D424 0000002F C=CODE    S=_TEXT    G=(none)   M=C:\LANGUAGE\BORLAND\LIB\CW32.LIB|ctrl87 ACBP=A9
 0001:0010D454 00000018 C=CODE    S=_TEXT    G=(none)   M=C:\LANGUAGE\BORLAND\LIB\CW32.LIB|cvtentry ACBP=A9
 0001:0010D46C 00000018 C=CODE    S=_TEXT    G=(none)   M=C:\LANGUAGE\BORLAND\LIB\CW32.LIB|cvtfak ACBP=A9
 0001:0010D484 00000018 C=CODE    S=_TEXT    G=(none)   M=C:\LANGUAGE\BORLAND\LIB\CW32.LIB|cvtfakw ACBP=A9
 0001:0010D49C 00000016 C=CODE    S=_TEXT    G=(none)   M=C:\LANGUAGE\BORLAND\LIB\CW32.LIB|div ACBP=A9
 0001:0010D4B4 0000006C C=CODE    S=_TEXT    G=(none)   M=C:\LANGUAGE\BORLAND\LIB\CW32.LIB|exp ACBP=A9
 0001:0010D520 000000D2 C=CODE    S=_TEXT    G=(none)   M=C:\LANGUAGE\BORLAND\LIB\CW32.LIB|f87exp ACBP=A9
 0001:0010D5F4 00000048 C=CODE    S=_TEXT    G=(none)   M=C:\LANGUAGE\BORLAND\LIB\CW32.LIB|f87log ACBP=A9
 0001:0010D63C 0000000D C=CODE    S=_TEXT    G=(none)   M=C:\LANGUAGE\BORLAND\LIB\CW32.LIB|fabs ACBP=A9
 0001:0010D64C 0000001C C=CODE    S=_TEXT    G=(none)   M=C:\LANGUAGE\BORLAND\LIB\CW32.LIB|floor ACBP=A9
 0001:0010D668 0000004D C=CODE    S=_TEXT    G=(none)   M=C:\LANGUAGE\BORLAND\LIB\CW32.LIB|fmod ACBP=A9
 0001:0010D6B8 00000016 C=CODE    S=_TEXT    G=(none)   M=C:\LANGUAGE\BORLAND\LIB\CW32.LIB|fpreset ACBP=A9
 0001:0010D6D0 00000035 C=CODE    S=_TEXT    G=(none)   M=C:\LANGUAGE\BORLAND\LIB\CW32.LIB|frexp ACBP=A9
 0001:0010D708 00000030 C=CODE    S=_TEXT    G=(none)   M=C:\LANGUAGE\BORLAND\LIB\CW32.LIB|ftol ACBP=A9
 0001:0010D738 0000002D C=CODE    S=_TEXT    G=(none)   M=C:\LANGUAGE\BORLAND\LIB\CW32.LIB|fuildq ACBP=A9
 0001:0010D768 00000021 C=CODE    S=_TEXT    G=(none)   M=C:\LANGUAGE\BORLAND\LIB\CW32.LIB|fuistq ACBP=A9
 0001:0010D78C 00000011 C=CODE    S=_TEXT    G=(none)   M=C:\LANGUAGE\BORLAND\LIB\CW32.LIB|fxam ACBP=A9
 0001:0010D7A0 000000B1 C=CODE    S=_TEXT    G=(none)   M=C:\LANGUAGE\BORLAND\LIB\CW32.LIB|int64toa ACBP=A9
 0001:0010D854 0000011B C=CODE    S=_TEXT    G=(none)   M=C:\LANGUAGE\BORLAND\LIB\CW32.LIB|ldtrunc ACBP=A9
 0001:0010D970 0000006D C=CODE    S=_TEXT    G=(none)   M=C:\LANGUAGE\BORLAND\LIB\CW32.LIB|log ACBP=A9
 0001:0010D9E0 0000006D C=CODE    S=_TEXT    G=(none)   M=C:\LANGUAGE\BORLAND\LIB\CW32.LIB|log10 ACBP=A9
 0001:0010DA50 0000008F C=CODE    S=_TEXT    G=(none)   M=C:\LANGUAGE\BORLAND\LIB\CW32.LIB|longtoa ACBP=A9
 0001:0010DAE0 00000075 C=CODE    S=_TEXT    G=(none)   M=C:\LANGUAGE\BORLAND\LIB\CW32.LIB|ltoa1 ACBP=A9
 0001:0010DB58 0000002E C=CODE    S=_TEXT    G=(none)   M=C:\LANGUAGE\BORLAND\LIB\CW32.LIB|matherrl ACBP=A9
 0001:0010DB88 00000016 C=CODE    S=_TEXT    G=(none)   M=C:\LANGUAGE\BORLAND\LIB\CW32.LIB|mathptr ACBP=A9
 0001:0010DBA0 00000030 C=CODE    S=_TEXT    G=(none)   M=C:\LANGUAGE\BORLAND\LIB\CW32.LIB|modf ACBP=A9
 0001:0010DBD0 00000030 C=CODE    S=_TEXT    G=(none)   M=C:\LANGUAGE\BORLAND\LIB\CW32.LIB|modfl ACBP=A9
 0001:0010DC00 000001DC C=CODE    S=_TEXT    G=(none)   M=C:\LANGUAGE\BORLAND\LIB\CW32.LIB|pow ACBP=A9
 0001:0010DDDC 00000025 C=CODE    S=_TEXT    G=(none)   M=C:\LANGUAGE\BORLAND\LIB\CW32.LIB|qdiv10 ACBP=A9
 0001:0010DE04 0000002E C=CODE    S=_TEXT    G=(none)   M=C:\LANGUAGE\BORLAND\LIB\CW32.LIB|qmul10 ACBP=A9
 0001:0010DE34 00000084 C=CODE    S=_TEXT    G=(none)   M=C:\LANGUAGE\BORLAND\LIB\CW32.LIB|rand ACBP=A9
 0001:0010DEB8 000002F9 C=CODE    S=_TEXT    G=(none)   M=C:\LANGUAGE\BORLAND\LIB\CW32.LIB|realcvt ACBP=A9
 0001:0010E1B4 00000331 C=CODE    S=_TEXT    G=(none)   M=C:\LANGUAGE\BORLAND\LIB\CW32.LIB|realcvtw ACBP=A9
 0001:0010E4E8 0000002C C=CODE    S=_TEXT    G=(none)   M=C:\LANGUAGE\BORLAND\LIB\CW32.LIB|round ACBP=A9
 0001:0010E514 000004E9 C=CODE    S=_TEXT    G=(none)   M=C:\LANGUAGE\BORLAND\LIB\CW32.LIB|scantod ACBP=A9
 0001:0010EA00 000004F5 C=CODE    S=_TEXT    G=(none)   M=C:\LANGUAGE\BORLAND\LIB\CW32.LIB|scanwtod ACBP=A9
 0001:0010EEF8 0000003F C=CODE    S=_TEXT    G=(none)   M=C:\LANGUAGE\BORLAND\LIB\CW32.LIB|sin ACBP=A9
 0001:0010EF38 0000003A C=CODE    S=_TEXT    G=(none)   M=C:\LANGUAGE\BORLAND\LIB\CW32.LIB|sqrt ACBP=A9
 0001:0010EF74 000000FE C=CODE    S=_TEXT    G=(none)   M=C:\LANGUAGE\BORLAND\LIB\CW32.LIB|strtod ACBP=A9
 0001:0010F074 000002D8 C=CODE    S=_TEXT    G=(none)   M=C:\LANGUAGE\BORLAND\LIB\CW32.LIB|xcvt ACBP=A9
 0001:0010F34C 000002F7 C=CODE    S=_TEXT    G=(none)   M=C:\LANGUAGE\BORLAND\LIB\CW32.LIB|xcvtw ACBP=A9
 0001:0010F644 0000014D C=CODE    S=_TEXT    G=(none)   M=C:\LANGUAGE\BORLAND\LIB\CW32.LIB|mbctype ACBP=A9
 0001:0010F794 0000003D C=CODE    S=_TEXT    G=(none)   M=C:\LANGUAGE\BORLAND\LIB\CW32.LIB|mbisalp ACBP=A9
 0001:0010F7D4 0000001A C=CODE    S=_TEXT    G=(none)   M=C:\LANGUAGE\BORLAND\LIB\CW32.LIB|mbisdgt ACBP=A9
 0001:0010F7F0 0000001A C=CODE    S=_TEXT    G=(none)   M=C:\LANGUAGE\BORLAND\LIB\CW32.LIB|mbisspc ACBP=A9
 0001:0010F80C 00000054 C=CODE    S=_TEXT    G=(none)   M=C:\LANGUAGE\BORLAND\LIB\CW32.LIB|mbsnbcpy ACBP=A9
 0001:0010F860 000000BF C=CODE    S=_TEXT    G=(none)   M=C:\LANGUAGE\BORLAND\LIB\CW32.LIB|mbsnbicm ACBP=A9
 0001:0010F920 00000058 C=CODE    S=_TEXT    G=(none)   M=C:\LANGUAGE\BORLAND\LIB\CW32.LIB|mbsrchr ACBP=A9
 0001:0010F978 000000A6 C=CODE    S=_TEXT    G=(none)   M=C:\LANGUAGE\BORLAND\LIB\CW32.LIB|assert ACBP=A9
 0001:0010FA20 000000BA C=CODE    S=_TEXT    G=(none)   M=C:\LANGUAGE\BORLAND\LIB\CW32.LIB|ermsghlp ACBP=A9
 0001:0010FADC 00000006 C=CODE    S=_TEXT    G=(none)   M=C:\LANGUAGE\BORLAND\LIB\CW32.LIB|errno ACBP=A9
 0001:0010FAE4 0000019F C=CODE    S=_TEXT    G=(none)   M=C:\LANGUAGE\BORLAND\LIB\CW32.LIB|errormsg ACBP=A9
 0001:0010FC83 00000011 C=CODE    S=_TEXT    G=(none)   M=C:\LANGUAGE\BORLAND\LIB\CW32.LIB|pureerr ACBP=A9
 0001:0010FC94 00000236 C=CODE    S=_TEXT    G=(none)   M=C:\LANGUAGE\BORLAND\LIB\CW32.LIB|qsort ACBP=A9
 0001:0010FECC 000000A6 C=CODE    S=_TEXT    G=(none)   M=C:\LANGUAGE\BORLAND\LIB\CW32.LIB|abort ACBP=A9
 0001:0010FF74 000000A7 C=CODE    S=_TEXT    G=(none)   M=C:\LANGUAGE\BORLAND\LIB\CW32.LIB|exit ACBP=A9
 0001:0011001C 00000067 C=CODE    S=_TEXT    G=(none)   M=C:\LANGUAGE\BORLAND\LIB\CW32.LIB|getenv ACBP=A9
 0001:00110084 0000001A C=CODE    S=_TEXT    G=(none)   M=C:\LANGUAGE\BORLAND\LIB\CW32.LIB|initwild ACBP=A9
 0001:001100A0 00000011 C=CODE    S=_TEXT    G=(none)   M=C:\LANGUAGE\BORLAND\LIB\CW32.LIB|exparg ACBP=A9
 0001:001100B4 00000011 C=CODE    S=_TEXT    G=(none)   M=C:\LANGUAGE\BORLAND\LIB\CW32.LIB|wexparg ACBP=A9
 0001:001100C8 00000027 C=CODE    S=_TEXT    G=(none)   M=C:\LANGUAGE\BORLAND\LIB\CW32.LIB|initargv ACBP=A9
 0001:001100F0 0000016C C=CODE    S=_TEXT    G=(none)   M=C:\LANGUAGE\BORLAND\LIB\CW32.LIB|setargv ACBP=A9
 0001:0011025C 00000224 C=CODE    S=_TEXT    G=(none)   M=C:\LANGUAGE\BORLAND\LIB\CW32.LIB|hsargv ACBP=A9
 0001:00110480 0000026D C=CODE    S=_TEXT    G=(none)   M=C:\LANGUAGE\BORLAND\LIB\CW32.LIB|whsargv ACBP=A9
 0001:001106F0 00000045 C=CODE    S=_TEXT    G=(none)   M=C:\LANGUAGE\BORLAND\LIB\CW32.LIB|setargv0 ACBP=A9
 0001:00110738 000001A0 C=CODE    S=_TEXT    G=(none)   M=C:\LANGUAGE\BORLAND\LIB\CW32.LIB|setenvp ACBP=A9
 0001:001108D8 000002FA C=CODE    S=_TEXT    G=(none)   M=C:\LANGUAGE\BORLAND\LIB\CW32.LIB|signal ACBP=A9
 0001:00110BD4 000000A9 C=CODE    S=_TEXT    G=(none)   M=C:\LANGUAGE\BORLAND\LIB\CW32.LIB|setjmp ACBP=A9
 0001:00110C80 00000122 C=CODE    S=_TEXT    G=(none)   M=C:\LANGUAGE\BORLAND\LIB\CW32.LIB|initexit ACBP=A9
 0001:00110DA4 0000015C C=CODE    S=_TEXT    G=(none)   M=C:\LANGUAGE\BORLAND\LIB\CW32.LIB|startup ACBP=A9
 0001:00110F00 0000004F C=CODE    S=_TEXT    G=(none)   M=C:\LANGUAGE\BORLAND\LIB\CW32.LIB|tlsstat ACBP=A9
 0001:00110F50 000001DD C=CODE    S=_TEXT    G=(none)   M=C:\LANGUAGE\BORLAND\LIB\CW32.LIB|gmtime ACBP=A9
 0001:00111130 00000369 C=CODE    S=_TEXT    G=(none)   M=C:\LANGUAGE\BORLAND\LIB\CW32.LIB|timefunc ACBP=A9
 0001:0011149C 00000006 C=CODE    S=_TEXT    G=(none)   M=C:\LANGUAGE\BORLAND\LIB\CW32.LIB|tzdata ACBP=A9
 0001:001114A4 000001EE C=CODE    S=_TEXT    G=(none)   M=C:\LANGUAGE\BORLAND\LIB\CW32.LIB|tzset ACBP=A9
 0001:00111694 00000008 C=CODE    S=_TEXT    G=(none)   M=C:\LANGUAGE\BORLAND\LIB\CW32.LIB|_tzset ACBP=A9
 0001:0011169C 0000004E C=CODE    S=_TEXT    G=(none)   M=C:\LANGUAGE\BORLAND\LIB\CW32.LIB|time ACBP=A9
 0001:001116EC 00000070 C=CODE    S=_TEXT    G=(none)   M=C:\LANGUAGE\BORLAND\LIB\CW32.LIB|xxa ACBP=A9
 0001:0011175C 000008B9 C=CODE    S=_TEXT    G=(none)   M=C:\LANGUAGE\BORLAND\LIB\CW32.LIB|xxtype ACBP=A9
 0001:00111FDF 0000005A C=CODE    S=_TEXT    G=(none)   M=C:\LANGUAGE\BORLAND\LIB\CW32.LIB|xxut ACBP=A9
 0001:00112008 00000147 C=CODE    S=_TEXT    G=(none)   M=C:\LANGUAGE\BORLAND\LIB\CW32.LIB|xxv ACBP=A9
 0001:00112150 0000000A C=CODE    S=_TEXT    G=(none)   M=C:\LANGUAGE\BORLAND\LIB\CW32.LIB|defhandl ACBP=A9
 0001:0011215C 00000195 C=CODE    S=_TEXT    G=(none)   M=C:\LANGUAGE\BORLAND\LIB\CW32.LIB|except ACBP=A9
 0001:001122F4 00000046 C=CODE    S=_TEXT    G=(none)   M=C:\LANGUAGE\BORLAND\LIB\CW32.LIB|setexc ACBP=A9
 0001:0011233C 00000031 C=CODE    S=_TEXT    G=(none)   M=C:\LANGUAGE\BORLAND\LIB\CW32.LIB|ta ACBP=A9
 0001:00112370 00001F94 C=CODE    S=_TEXT    G=(none)   M=C:\LANGUAGE\BORLAND\LIB\CW32.LIB|xx ACBP=A9
 0002:00000000 000014DC C=DATA    S=_DATA    G=DGROUP   M=D:\SISTEMAS\PUZZLE\OBJ\PUZZLE.OBJ ACBP=A9
 0002:000014DC 000000C8 C=DATA    S=_DATA    G=DGROUP   M=C:\LANGUAGE\BORLAND\LIB\C0W32.OBJ ACBP=A9
 0002:000015A4 00000028 C=DATA    S=_DATA    G=DGROUP   M=C:\LANGUAGE\FWH\LIB\FIVEHC.LIB|RESCHECK ACBP=A9
 0002:000015CC 00000018 C=DATA    S=_DATA    G=DGROUP   M=C:\LANGUAGE\FWH\LIB\FIVEHC.LIB|__WNDPRO ACBP=A9
 0002:000015E4 00000004 C=DATA    S=_DATA    G=DGROUP   M=C:\LANGUAGE\FWH\LIB\FIVEHC.LIB|BMPREAD ACBP=A9
 0002:000015E8 00000024 C=DATA    S=_DATA    G=DGROUP   M=C:\LANGUAGE\FWH\LIB\FIVEHC.LIB|FFDLGPRC ACBP=A9
 0002:0000160C 0000000C C=DATA    S=_DATA    G=DGROUP   M=C:\LANGUAGE\FWH\LIB\FIVEHC.LIB|FFWNDRUN ACBP=A9
 0002:00001618 0000000C C=DATA    S=_DATA    G=DGROUP   M=C:\LANGUAGE\FWH\LIB\FIVEHC.LIB|HARBOURC ACBP=A9
 0002:00001624 00000014 C=DATA    S=_DATA    G=DGROUP   M=C:\LANGUAGE\FWH\LIB\FIVEHC.LIB|TOOLBARS ACBP=A9
 0002:00001638 00000014 C=DATA    S=_DATA    G=DGROUP   M=C:\LANGUAGE\FWH\LIB\FIVEHC.LIB|TOOLTIP ACBP=A9
 0002:0000164C 00000014 C=DATA    S=_DATA    G=DGROUP   M=C:\LANGUAGE\FWH\LIB\FIVEHC.LIB|WNDRUN ACBP=A9
 0002:00001660 0000000C C=DATA    S=_DATA    G=DGROUP   M=C:\LANGUAGE\FWH\LIB\FIVEHC.LIB|DLGBOX ACBP=A9
 0002:0000166C 00000294 C=DATA    S=_DATA    G=DGROUP   M=C:\LANGUAGE\FWH\LIB\FIVEHC.LIB|CTLHDLEH ACBP=A9
 0002:00001900 0000040C C=DATA    S=_DATA    G=DGROUP   M=C:\LANGUAGE\FWH\LIB\FIVEHC.LIB|ACTX ACBP=A9
 0002:00001D0C 0000000C C=DATA    S=_DATA    G=DGROUP   M=C:\LANGUAGE\FWH\LIB\FIVEHC.LIB|BARTOOLS ACBP=A9
 0002:00001D18 00006318 C=DATA    S=_DATA    G=DGROUP   M=C:\LANGUAGE\FWH\LIB\FIVEHC.LIB|BITMAPS ACBP=A9
 0002:00008030 00000010 C=DATA    S=_DATA    G=DGROUP   M=C:\LANGUAGE\FWH\LIB\FIVEHC.LIB|BMPDRAW ACBP=A9
 0002:00008040 0000371C C=DATA    S=_DATA    G=DGROUP   M=C:\LANGUAGE\FWH\LIB\FIVEHC.LIB|BMPS ACBP=A9
 0002:0000B75C 00003820 C=DATA    S=_DATA    G=DGROUP   M=C:\LANGUAGE\FWH\LIB\FIVEHC.LIB|BRUSHES ACBP=A9
 0002:0000EF7C 00000002 C=DATA    S=_DATA    G=DGROUP   M=C:\LANGUAGE\FWH\LIB\FIVEHC.LIB|CALLDLL ACBP=A9
 0002:0000EF80 0000006C C=DATA    S=_DATA    G=DGROUP   M=C:\LANGUAGE\FWH\LIB\FIVEHC.LIB|CALDLL32 ACBP=A9
 0002:0000EFEC 00000004 C=DATA    S=_DATA    G=DGROUP   M=C:\LANGUAGE\FWH\LIB\FIVEHC.LIB|CLPBRD ACBP=A9
 0002:0000EFF0 00000011 C=DATA    S=_DATA    G=DGROUP   M=C:\LANGUAGE\FWH\LIB\FIVEHC.LIB|CODEGTF ACBP=A9
 0002:0000F004 00000008 C=DATA    S=_DATA    G=DGROUP   M=C:\LANGUAGE\FWH\LIB\FIVEHC.LIB|CREATEPA ACBP=A9
 0002:0000F00C 00000008 C=DATA    S=_DATA    G=DGROUP   M=C:\LANGUAGE\FWH\LIB\FIVEHC.LIB|CREATESO ACBP=A9
 0002:0000F014 00000098 C=DATA    S=_DATA    G=DGROUP   M=C:\LANGUAGE\FWH\LIB\FIVEHC.LIB|CTL3D ACBP=A9
 0002:0000F0AC 00000008 C=DATA    S=_DATA    G=DGROUP   M=C:\LANGUAGE\FWH\LIB\FIVEHC.LIB|CTRLDRAW ACBP=A9
 0002:0000F0B4 00000004 C=DATA    S=_DATA    G=DGROUP   M=C:\LANGUAGE\FWH\LIB\FIVEHC.LIB|CTRL2CHR ACBP=A9
 0002:0000F0B8 0000065C C=DATA    S=_DATA    G=DGROUP   M=C:\LANGUAGE\FWH\LIB\FIVEHC.LIB|CURSORS ACBP=A9
 0002:0000F714 00000040 C=DATA    S=_DATA    G=DGROUP   M=C:\LANGUAGE\FWH\LIB\FIVEHC.LIB|DATEPICK ACBP=A9
 0002:0000F754 0000007C C=DATA    S=_DATA    G=DGROUP   M=C:\LANGUAGE\FWH\LIB\FIVEHC.LIB|DEVICE ACBP=A9
 0002:0000F7D0 00000004 C=DATA    S=_DATA    G=DGROUP   M=C:\LANGUAGE\FWH\LIB\FIVEHC.LIB|DIB ACBP=A9
 0002:0000F7D4 00000004 C=DATA    S=_DATA    G=DGROUP   M=C:\LANGUAGE\FWH\LIB\FIVEHC.LIB|DLOGBOX ACBP=A9
 0002:0000F7D8 00000004 C=DATA    S=_DATA    G=DGROUP   M=C:\LANGUAGE\FWH\LIB\FIVEHC.LIB|DRAWITEM ACBP=A9
 0002:0000F7DC 00000004 C=DATA    S=_DATA    G=DGROUP   M=C:\LANGUAGE\FWH\LIB\FIVEHC.LIB|DRIVES ACBP=A9
 0002:0000F7E0 00000024 C=DATA    S=_DATA    G=DGROUP   M=C:\LANGUAGE\FWH\LIB\FIVEHC.LIB|FGETCLIP ACBP=A9
 0002:0000F804 00000004 C=DATA    S=_DATA    G=DGROUP   M=C:\LANGUAGE\FWH\LIB\FIVEHC.LIB|FGETLINE ACBP=A9
 0002:0000F808 00000018 C=DATA    S=_DATA    G=DGROUP   M=C:\LANGUAGE\FWH\LIB\FIVEHC.LIB|FINDTEXT ACBP=A9
 0002:0000F820 00000018 C=DATA    S=_DATA    G=DGROUP   M=C:\LANGUAGE\FWH\LIB\FIVEHC.LIB|FONTS ACBP=A9
 0002:0000F838 00000004 C=DATA    S=_DATA    G=DGROUP   M=C:\LANGUAGE\FWH\LIB\FIVEHC.LIB|FTEXT ACBP=A9
 0002:0000F83C 00000010 C=DATA    S=_DATA    G=DGROUP   M=C:\LANGUAGE\FWH\LIB\FIVEHC.LIB|FWBMP ACBP=A9
 0002:0000F84C 00000022 C=DATA    S=_DATA    G=DGROUP   M=C:\LANGUAGE\FWH\LIB\FIVEHC.LIB|FWPALCTL ACBP=A9
 0002:0000F870 00000030 C=DATA    S=_DATA    G=DGROUP   M=C:\LANGUAGE\FWH\LIB\FIVEHC.LIB|FWPNG ACBP=A9
 0002:0000F8A0 00000028 C=DATA    S=_DATA    G=DGROUP   M=C:\LANGUAGE\FWH\LIB\FIVEHC.LIB|GETFILE ACBP=A9
 0002:0000F8C8 00000004 C=DATA    S=_DATA    G=DGROUP   M=C:\LANGUAGE\FWH\LIB\FIVEHC.LIB|GETTEXT ACBP=A9
 0002:0000F8CC 0000000D C=DATA    S=_DATA    G=DGROUP   M=C:\LANGUAGE\FWH\LIB\FIVEHC.LIB|HANDLIST ACBP=A9
 0002:0000F8DC 00000004 C=DATA    S=_DATA    G=DGROUP   M=C:\LANGUAGE\FWH\LIB\FIVEHC.LIB|HELP ACBP=A9
 0002:0000F8E0 00000170 C=DATA    S=_DATA    G=DGROUP   M=C:\LANGUAGE\FWH\LIB\FIVEHC.LIB|ICONS ACBP=A9
 0002:0000FA50 000000A0 C=DATA    S=_DATA    G=DGROUP   M=C:\LANGUAGE\FWH\LIB\FIVEHC.LIB|IMAGELIS ACBP=A9
 0002:0000FAF0 00000004 C=DATA    S=_DATA    G=DGROUP   M=C:\LANGUAGE\FWH\LIB\FIVEHC.LIB|INSTANCE ACBP=A9
 0002:0000FAF4 00000004 C=DATA    S=_DATA    G=DGROUP   M=C:\LANGUAGE\FWH\LIB\FIVEHC.LIB|LBX ACBP=A9
 0002:0000FAF8 00000008 C=DATA    S=_DATA    G=DGROUP   M=C:\LANGUAGE\FWH\LIB\FIVEHC.LIB|LOADBMP ACBP=A9
 0002:0000FB00 000000CC C=DATA    S=_DATA    G=DGROUP   M=C:\LANGUAGE\FWH\LIB\FIVEHC.LIB|MAPI ACBP=A9
 0002:0000FBCC 000000EC C=DATA    S=_DATA    G=DGROUP   M=C:\LANGUAGE\FWH\LIB\FIVEHC.LIB|METAFI32 ACBP=A9
 0002:0000FCB8 00000008 C=DATA    S=_DATA    G=DGROUP   M=C:\LANGUAGE\FWH\LIB\FIVEHC.LIB|MGETCREA ACBP=A9
 0002:0000FCC0 000000C0 C=DATA    S=_DATA    G=DGROUP   M=C:\LANGUAGE\FWH\LIB\FIVEHC.LIB|MSGS ACBP=A9
 0002:0000FD80 00000004 C=DATA    S=_DATA    G=DGROUP   M=C:\LANGUAGE\FWH\LIB\FIVEHC.LIB|MSGTOOLS ACBP=A9
 0002:0000FD84 00000004 C=DATA    S=_DATA    G=DGROUP   M=C:\LANGUAGE\FWH\LIB\FIVEHC.LIB|OEMANSI ACBP=A9
 0002:0000FD88 00000854 C=DATA    S=_DATA    G=DGROUP   M=C:\LANGUAGE\FWH\LIB\FIVEHC.LIB|ONOFFBMP ACBP=A9
 0002:000105DC 00000004 C=DATA    S=_DATA    G=DGROUP   M=C:\LANGUAGE\FWH\LIB\FIVEHC.LIB|OR ACBP=A9
 0002:000105E0 00000018 C=DATA    S=_DATA    G=DGROUP   M=C:\LANGUAGE\FWH\LIB\FIVEHC.LIB|PRINTDC ACBP=A9
 0002:000105F8 00000004 C=DATA    S=_DATA    G=DGROUP   M=C:\LANGUAGE\FWH\LIB\FIVEHC.LIB|PROFILE ACBP=A9
 0002:000105FC 00000010 C=DATA    S=_DATA    G=DGROUP   M=C:\LANGUAGE\FWH\LIB\FIVEHC.LIB|RECTS ACBP=A9
 0002:0001060C 00000024 C=DATA    S=_DATA    G=DGROUP   M=C:\LANGUAGE\FWH\LIB\FIVEHC.LIB|REGIONS ACBP=A9
 0002:00010630 00000008 C=DATA    S=_DATA    G=DGROUP   M=C:\LANGUAGE\FWH\LIB\FIVEHC.LIB|RESOURCE ACBP=A9
 0002:00010638 000001E0 C=DATA    S=_DATA    G=DGROUP   M=C:\LANGUAGE\FWH\LIB\FIVEHC.LIB|RIBBON ACBP=A9
 0002:00010818 000001F8 C=DATA    S=_DATA    G=DGROUP   M=C:\LANGUAGE\FWH\LIB\FIVEHC.LIB|RICHEDIT ACBP=A9
 0002:00010A10 00000018 C=DATA    S=_DATA    G=DGROUP   M=C:\LANGUAGE\FWH\LIB\FIVEHC.LIB|SCROLL ACBP=A9
 0002:00010A28 00000004 C=DATA    S=_DATA    G=DGROUP   M=C:\LANGUAGE\FWH\LIB\FIVEHC.LIB|SETTEXT ACBP=A9
 0002:00010A2C 000001A4 C=DATA    S=_DATA    G=DGROUP   M=C:\LANGUAGE\FWH\LIB\FIVEHC.LIB|THEMES ACBP=A9
 0002:00010BD0 00000010 C=DATA    S=_DATA    G=DGROUP   M=C:\LANGUAGE\FWH\LIB\FIVEHC.LIB|TIMEPICK ACBP=A9
 0002:00010BE0 00000008 C=DATA    S=_DATA    G=DGROUP   M=C:\LANGUAGE\FWH\LIB\FIVEHC.LIB|WINDOWS ACBP=A9
 0002:00010BE8 00000018 C=DATA    S=_DATA    G=DGROUP   M=C:\LANGUAGE\FWH\LIB\FIVEHC.LIB|WMOUSE ACBP=A9
 0002:00010C00 00000018 C=DATA    S=_DATA    G=DGROUP   M=C:\LANGUAGE\FWH\LIB\FIVEHC.LIB|WNDIS ACBP=A9
 0002:00010C18 00000048 C=DATA    S=_DATA    G=DGROUP   M=C:\LANGUAGE\FWH\LIB\FIVEHC.LIB|WNDMOVE ACBP=A9
 0002:00010C60 00000018 C=DATA    S=_DATA    G=DGROUP   M=C:\LANGUAGE\FWH\LIB\FIVEHC.LIB|WNDPRINT ACBP=A9
 0002:00010C78 000004F8 C=DATA    S=_DATA    G=DGROUP   M=C:\LANGUAGE\FWH\LIB\FIVEHC.LIB|XBROWSEC ACBP=A9
 0002:00011170 00001000 C=DATA    S=_DATA    G=DGROUP   M=C:\LANGUAGE\FWH\LIB\FIVEHX.LIB|ACTIVEX ACBP=A9
 0002:00012170 00005440 C=DATA    S=_DATA    G=DGROUP   M=C:\LANGUAGE\FWH\LIB\FIVEHX.LIB|ADOFUNCS ACBP=A9
 0002:000175B0 00000BBC C=DATA    S=_DATA    G=DGROUP   M=C:\LANGUAGE\FWH\LIB\FIVEHX.LIB|ALERT ACBP=A9
 0002:0001816C 000044B0 C=DATA    S=_DATA    G=DGROUP   M=C:\LANGUAGE\FWH\LIB\FIVEHX.LIB|BAR ACBP=A9
 0002:0001C61C 00003FB4 C=DATA    S=_DATA    G=DGROUP   M=C:\LANGUAGE\FWH\LIB\FIVEHX.LIB|BITMAP ACBP=A9
 0002:000205D0 00002940 C=DATA    S=_DATA    G=DGROUP   M=C:\LANGUAGE\FWH\LIB\FIVEHX.LIB|BRUSH ACBP=A9
 0002:00022F10 00006364 C=DATA    S=_DATA    G=DGROUP   M=C:\LANGUAGE\FWH\LIB\FIVEHX.LIB|BTNBMP ACBP=A9
 0002:00029274 00001894 C=DATA    S=_DATA    G=DGROUP   M=C:\LANGUAGE\FWH\LIB\FIVEHX.LIB|BUTTON ACBP=A9
 0002:0002AB08 000013AC C=DATA    S=_DATA    G=DGROUP   M=C:\LANGUAGE\FWH\LIB\FIVEHX.LIB|BUTTONB ACBP=A9
 0002:0002BEB4 000019F0 C=DATA    S=_DATA    G=DGROUP   M=C:\LANGUAGE\FWH\LIB\FIVEHX.LIB|CHECKBOX ACBP=A9
 0002:0002D8A4 00000A5C C=DATA    S=_DATA    G=DGROUP   M=C:\LANGUAGE\FWH\LIB\FIVEHX.LIB|CLIPBRD ACBP=A9
 0002:0002E300 00003974 C=DATA    S=_DATA    G=DGROUP   M=C:\LANGUAGE\FWH\LIB\FIVEHX.LIB|COMBOBOX ACBP=A9
 0002:00031C74 000061A8 C=DATA    S=_DATA    G=DGROUP   M=C:\LANGUAGE\FWH\LIB\FIVEHX.LIB|CONTROL ACBP=A9
 0002:00037E1C 00000930 C=DATA    S=_DATA    G=DGROUP   M=C:\LANGUAGE\FWH\LIB\FIVEHX.LIB|CURSOR ACBP=A9
 0002:0003874C 0000639C C=DATA    S=_DATA    G=DGROUP   M=C:\LANGUAGE\FWH\LIB\FIVEHX.LIB|DATABASE ACBP=A9
 0002:0003EAE8 00004FD8 C=DATA    S=_DATA    G=DGROUP   M=C:\LANGUAGE\FWH\LIB\FIVEHX.LIB|DATAROW ACBP=A9
 0002:00043AC0 000003E8 C=DATA    S=_DATA    G=DGROUP   M=C:\LANGUAGE\FWH\LIB\FIVEHX.LIB|DBTOOLS ACBP=A9
 0002:00043EA8 00000A9C C=DATA    S=_DATA    G=DGROUP   M=C:\LANGUAGE\FWH\LIB\FIVEHX.LIB|DDE ACBP=A9
 0002:00044944 0000408C C=DATA    S=_DATA    G=DGROUP   M=C:\LANGUAGE\FWH\LIB\FIVEHX.LIB|DIALOG ACBP=A9
 0002:000489D0 000006F8 C=DATA    S=_DATA    G=DGROUP   M=C:\LANGUAGE\FWH\LIB\FIVEHX.LIB|DLGFIND ACBP=A9
[...]
 0002:00131D30  __vdflg__ std::num_put<char, std::ostreambuf_iterator<char, std::char_traits<char> > >::id
 0002:00131D34  std::numpunct<char>::id
 0002:00131D38  __vdflg__ std::numpunct<char>::id
 0002:00131D3C  __thrwl__ std::bad_alloc::bad_alloc()
 0002:00131D40  __odtbl__ std::bad_alloc::bad_alloc()
 0002:00131D50  __ectbl__ std::bad_alloc::bad_alloc()
 0002:00131D68  __ectbl__ std::bad_alloc::bad_alloc(std::bad_alloc&)
 0002:00131D74  __thrwl__ std::bad_alloc::~bad_alloc()
 0002:00131D78  __ectbl__ std::bad_alloc::~bad_alloc()
 0002:00131D84  @std@bad_alloc@3
 0002:00131D98  @std@locale@_Locimp@3
 0002:00131DA8  __thrwl__ std::bad_alloc::what() const
 0002:00131DAC  __ectbl__ std::bad_alloc::what() const
 0002:00131DB8  D2551_1
 0002:00131E50  __odtbl__ std::_Fac_tidy()
 0002:00131E80  __ectbl__ std::_Fac_tidy()
 0002:00131EC8  __odtbl__ std::_Deletegloballocale(void *)
 0002:00131ED8  __ectbl__ std::_Deletegloballocale(void *)
 0002:00131F08  __ectbl__ std::_Setgloballocale(void *)
 0002:00131F20  std::locale::_Locimp::_Clocptr
 0002:00131F24  std::locale::id::_Id_cnt
 0002:00131F28  std::ctype<char>::id
 0002:00131F2C  __vdflg__ std::ctype<char>::id
 0002:00131F30  std::ctype<wchar_t>::id
 0002:00131F34  __vdflg__ std::ctype<wchar_t>::id
 0002:00131F38  std::codecvt<wchar_t, char, int>::id
 0002:00131F3C  __vdflg__ std::codecvt<wchar_t, char, int>::id
 0002:00131F40  std::codecvt<char16_t, char, int>::id
 0002:00131F44  __vdflg__ std::codecvt<char16_t, char, int>::id
 0002:00131F48  std::codecvt<char32_t, char, int>::id
 0002:00131F4C  __vdflg__ std::codecvt<char32_t, char, int>::id
 0002:00131F50  std::ctype<char>::table_size
 0002:00131F54  __thrwl__ std::locale::locale()
 0002:00131F58  __odtbl__ std::locale::locale()
 0002:00131F68  __ectbl__ std::locale::locale()
 0002:00131F8C  __odtbl__ std::locale::_Init()
 0002:00131FCC  __ectbl__ std::locale::_Init()
 0002:00132038  __odtbl__ std::locale::facet::_Register()
 0002:00132048  __ectbl__ std::locale::facet::_Register()
 0002:00132078  __odtbl__ std::locale::_Locimp::_Locimp(bool)
 0002:00132088  __ectbl__ std::locale::_Locimp::_Locimp(bool)
 0002:001320AC  __odtbl__ std::locale::_Locimp::~_Locimp()
 0002:001320E8  __ectbl__ std::locale::_Locimp::~_Locimp()
 0002:00132130  __odtbl__ std::_Locinfo::_Locinfo(std::basic_string<char, std::char_traits<char>, std::allocator<char> >&)
 0002:00132140  __ectbl__ std::_Locinfo::_Locinfo(std::basic_string<char, std::char_traits<char>, std::allocator<char> >&)
 0002:00132164  __odtbl__ std::_Locinfo::~_Locinfo()
 0002:00132190  __ectbl__ std::_Locinfo::~_Locinfo()
 0002:001321B4  __odtbl__ std::_Fac_node::~_Fac_node()
 0002:001321C4  __ectbl__ std::_Fac_node::~_Fac_node()
 0002:001321F4  __odtbl__ std::_Fac_deletable::~_Fac_deletable()
 0002:00132204  __ectbl__ std::_Fac_deletable::~_Fac_deletable()
 0002:0013221C  @std@_Fac_deletable@3
 0002:0013222C  std::_New_hand
 0002:0013222C  D2553_1
 0002:00132230  D2555_1
 0002:00132254  D2559_1
 0002:00132344  D2564_1
 0002:00132370  __odtbl__ std::_String_base::_Xlen() const
 0002:0013239C  __ectbl__ std::_String_base::_Xlen() const
 0002:001323C0  __odtbl__ std::_String_base::_Xran() const
 0002:001323EC  __ectbl__ std::_String_base::_Xran() const
 0002:00132410  D2571_1
 0002:001324A8  std::_Winit::_Init_cnt
 0002:001324AC  __odtbl__ std::_Winit::_Winit()
 0002:0013279C  __ectbl__ std::_Winit::_Winit()
 0002:00132AE4  __odtbl__ std::_Winit::~_Winit()
 0002:00132B04  __ectbl__ std::_Winit::~_Winit()
 0002:00132B28  __odtbl__ std::basic_ios<wchar_t, std::char_traits<wchar_t> >::~basic_ios<wchar_t, std::char_traits<wchar_t> >()
 0002:00132B38  __ectbl__ std::basic_ios<wchar_t, std::char_traits<wchar_t> >::~basic_ios<wchar_t, std::char_traits<wchar_t> >()
 0002:00132B50  __odtbl__ std::basic_filebuf<wchar_t, std::char_traits<wchar_t> >::_Endwrite()
 0002:00132B70  __ectbl__ std::basic_filebuf<wchar_t, std::char_traits<wchar_t> >::_Endwrite()
 0002:00132B94  __odtbl__ std::basic_ostream<wchar_t, std::char_traits<wchar_t> >::~basic_ostream<wchar_t, std::char_traits<wchar_t> >()
 0002:00132BA4  __ectbl__ std::basic_ostream<wchar_t, std::char_traits<wchar_t> >::~basic_ostream<wchar_t, std::char_traits<wchar_t> >()
 0002:00132BBC  __odtbl__ std::basic_istream<wchar_t, std::char_traits<wchar_t> >::~basic_istream<wchar_t, std::char_traits<wchar_t> >()
 0002:00132BCC  __ectbl__ std::basic_istream<wchar_t, std::char_traits<wchar_t> >::~basic_istream<wchar_t, std::char_traits<wchar_t> >()
 0002:00132BE4  __odtbl__ std::basic_filebuf<wchar_t, std::char_traits<wchar_t> >::~basic_filebuf<wchar_t, std::char_traits<wchar_t> >()
 0002:00132BF4  __ectbl__ std::basic_filebuf<wchar_t, std::char_traits<wchar_t> >::~basic_filebuf<wchar_t, std::char_traits<wchar_t> >()
 0002:00132C0C  @std@%basic_ostream$b19std@%char_traits$b%%@3
 0002:00132C28  @std@%basic_ios$b19std@%char_traits$b%%@3
 0002:00132C38  @std@%basic_istream$b19std@%char_traits$b%%@3
 0002:00132C54  @std@%basic_streambuf$b19std@%char_traits$b%%@3
 0002:00132C9C  @std@%basic_filebuf$b19std@%char_traits$b%%@3
 0002:00132CE4  __ectbl__ std::basic_streambuf<wchar_t, std::char_traits<wchar_t> >::~basic_streambuf<wchar_t, std::char_traits<wchar_t> >()
 0002:00132CF0  __odtbl__ std::basic_filebuf<wchar_t, std::char_traits<wchar_t> >::overflow(wchar_t)
 0002:00132D10  __ectbl__ std::basic_filebuf<wchar_t, std::char_traits<wchar_t> >::overflow(wchar_t)
 0002:00132D34  __odtbl__ std::basic_filebuf<wchar_t, std::char_traits<wchar_t> >::uflow()
 0002:00132D54  __ectbl__ std::basic_filebuf<wchar_t, std::char_traits<wchar_t> >::uflow()
 0002:00132D78  __odtbl__ std::basic_filebuf<wchar_t, std::char_traits<wchar_t> >::imbue(std::locale&)
 0002:00132DF0  __ectbl__ std::basic_filebuf<wchar_t, std::char_traits<wchar_t> >::imbue(std::locale&)
 0002:00132E5C  @std@%codecvt$bci%@3
 0002:00132E88  std::_Facetptr<std::codecvt<wchar_t, char, int> >::_Psave
 0002:00132E8C  __odtbl__ std::codecvt<wchar_t, char, int>::~codecvt<wchar_t, char, int>()
 0002:00132E9C  __ectbl__ std::codecvt<wchar_t, char, int>::~codecvt<wchar_t, char, int>()
 0002:00132EB4  __thrwl__ std::codecvt<wchar_t, char, int>::do_always_noconv() const
 0002:00132EB8  __ectbl__ std::codecvt<wchar_t, char, int>::do_always_noconv() const
 0002:00132EC4  __thrwl__ std::codecvt<wchar_t, char, int>::do_max_length() const
 0002:00132EC8  __ectbl__ std::codecvt<wchar_t, char, int>::do_max_length() const
 0002:00132ED4  __thrwl__ std::codecvt<wchar_t, char, int>::do_encoding() const
 0002:00132ED8  __ectbl__ std::codecvt<wchar_t, char, int>::do_encoding() const
 0002:00132EE4  D2579_1
 0002:001330E4  D2583_1
 0002:00133148  D2725_1
 0002:00133258  D2737_1
 0002:0013325C  __heap_redirector
 0002:0013327C  D2751_0
 0002:0013327C  __stkchk
 0002:00133280  __FastMM_IsMultiThread
 0002:00133280  D2771_1
 0002:00133281  __FastMM_ReportMemoryLeaksOnShutdown
 0002:00133282  __FastMM_NeverSleepOnMMThreadContention
 0002:001332B4  __FastMM_MemoryManager
 0002:001332CC  __FastMM_SmallBlockTypes
 0002:001339AC  __FastMM_MediumBlocksLocked
 0002:00133A34  D2881_1
 0002:00133A48  D3041_1
 0002:00133A54  __cfinfo_get
 0002:00133A54  D3061_1
 0002:00133A58  D3093_1
 0002:00133A58  __notUmask
 0002:00133A5C  __fileinfo
 0002:00133A5C  D3113_0
 0002:00133A60  D3171_0
 0002:00133A60  __streams
 0002:00133F10  __nfile
 0002:00133F10  D3173_0
 0002:00133F14  __openfd
 0002:00133FDC  __fmode
 0002:00133FDC  D3181_0
 0002:00133FE0  __fmodeptr
 0002:00133FE0  D3183_1
 0002:00133FE4  D3263_1
 0002:00133FE4  __dosErrorToSV
 0002:00134110  D3282_1
 0002:0013411C  D3288_1
 0002:0013411C  __sys_errlist
 0002:001341E4  __sys_nerr
 0002:001345B0  D3417_1
 0002:00134628  D3575_0
 0002:00134628  __chartype
 0002:0013482C  __localeconvention
 0002:0013482C  D3577_1
 0002:0013485C  ___force
 0002:0013486C  D3579_1
 0002:001348BC  __lower
 0002:001348BC  D3581_0
 0002:001349BC  __upper
 0002:001349BC  D3585_0
 0002:00134ABC  ___mb_cur_max
 0002:00134ABC  D3601_1
 0002:00134AC0  ___localeLock
 0002:00134BD4  D3603_0
 0002:00134BD4  _CMonetary
 0002:00134C08  _CNumeric
 0002:00134C1E  _CTimeDate
 0002:00134CE0  _CLOCALE
 0002:00134D0C  ___locale
 0002:00134E30  D3605_1
 0002:00134EBC  D3731_1
 0002:00134ECC  D3737_1
 0002:00134ECC  _e0to7
 0002:00134F1C  _e8
 0002:00134F28  _e16
 0002:00134F32  _e32
 0002:00134F3C  _e64
 0002:00134F46  _e128
 0002:00134F50  _e256
 0002:00134F5A  _e512
 0002:00134F64  _e1024
 0002:00134F6E  _e2048
 0002:00134F78  _e4096
 0002:00134F82  _eINF
 0002:00134F8C  D3774_1
 0002:00134F98  __realcvtptr
 0002:00134F98  D3792_1
 0002:00134F9C  __nextrealptr
 0002:00134FA0  __scantodptr
 0002:00134FA4  __scanrsltptr
 0002:00135000  D3794_1
 0002:00135000  __realcvtwptr
 0002:00135004  __nextrealwptr
 0002:00135008  __scanwtodptr
 0002:0013500C  __scanwrsltptr
 0002:00135068  __default87
 0002:00135068  D3796_0
 0002:0013506C  D3802_1
 0002:00135078  D3810_1
 0002:0013508C  D3812_1
 0002:001350A4  __huge_flt
 0002:001350A4  D3850_0
 0002:001350A8  __huge_dble
 0002:001350B0  __huge_ldble
 0002:001350BA  __max_flt
 0002:001350BE  __max_dble
 0002:001350C6  __max_ldble
 0002:001350D0  __indefinite
 0002:001350D4  __tiny_ldble
 0002:001350E0  ___ieee_64_p_inf
 0002:001350E8  ___ieee_64_n_inf
 0002:001350F0  ___ieee_64_p_nanq
 0002:001350F8  ___ieee_64_n_nanq
 0002:00135100  ___ieee_64_p_nans
 0002:00135108  ___ieee_64_n_nans
 0002:00135110  ___ieee_64_p_zero
 0002:00135118  ___ieee_64_n_zero
 0002:00135120  D3860_0
 0002:00135120  __turboFloat
 0002:00135124  __floatconvert
 0002:00135128  D3878_1
 0002:00135134  D3880_1
 0002:00135144  __pmatherr
 0002:00135144  D3902_1
 0002:00135148  __pmatherrl
 0002:0013514C  D3906_0
 0002:0013514C  __mathwhy
 0002:00135190  D3916_1
 0002:001351AC  D3928_1
 0002:001351B4  D3930_1
 0002:001351C8  D3932_1
 0002:001351F0  D3939_1
 0002:00135218  D3941_1
 0002:00135240  D3943_1
 0002:0013524C  D3951_1
 0002:0013525C  __kalpha
 0002:0013525C  D4009_1
 0002:0013525E  __kpunct
 0002:001352A4  D4149_1
 0002:001352C8  D4167_1
 0002:001352EC  _errno
 0002:001352EC  D4169_1
 0002:001352F0  __messagefunc
 0002:001352F0  D4171_1
 0002:001352F4  __messagefile
 0002:00135300  D4181_1
 0002:00135320  D4202_1
 0002:0013535C  ___pCallAtExitProcs
 0002:0013535C  D4204_0
 0002:00135360  D4240_1
 0002:00135360  __exitbuf
 0002:00135364  __exitfopen
 0002:00135368  __exitopen
 0002:0013536C  D4262_0
 0002:0013536C  __setargv_ptr
 0002:00135370  __exitargv_ptr
 0002:00135374  __wsetargv_ptr
 0002:00135374  D4264_0
 0002:00135378  __wexitargv_ptr
 0002:0013537C  D4266_1
 0002:0013537C  __setargv__
 0002:001353D0  D4268_1
 0002:001353D0  __cmdline_escapes
 0002:001353F8  D4270_1
 0002:0013541C  D4323_0
 0002:0013541C  __argv_expand_ptr
 0002:00135420  D4325_0
 0002:00135420  __wargv_expand_ptr
 0002:00135424  D4327_1
 0002:00135424  __argv0
 0002:00135444  __setenvp__
 0002:00135444  D4339_1
 0002:00135498  D4353_1
 0002:001354F8  __isWindows
 0002:001354F8  D4365_0
 0002:001354FC  D4366_1
 0002:00135500  D4406_0
 0002:00135500  __SWeekday
 0002:0013551C  __LWeekday
 0002:00135538  __SMonth
 0002:00135568  __LMonth
 0002:00135598  __AmPm
 0002:001355A0  __Days
 0002:001355AC  __YDays
 0002:001356C4  __PREFER_END_STANDARD_TIME
 0002:001356C4  D4410_1
 0002:001356C5  __PREFER_START_DAYLIGHT_TIME
 0002:001356CC  __timezone
 0002:001356CC  D4412_1
 0002:001356D0  __daylight
 0002:001356D4  D4414_1
 0002:001356D4  __tzname
 0002:001356E8  ___xxPersonality
 0002:001356E8  D4447_0
 0002:001356EC  D4449_1
 0002:00135A28  __thrwl__ std::bad_typeid::~bad_typeid()
 0002:00135A2C  __ectbl__ std::bad_typeid::~bad_typeid()
 0002:00135A38  @std@bad_typeid@3
 0002:00135A4C  ___terminatePTR
 0002:00135A4C  D4451_1
 0002:00135A50  ___unexpectdPTR
 0002:00135A54  ___CPPexceptionList
 0002:00135A54  D4453_1
 0002:00135A58  ___exceptFlags
 0002:00135A5C  ___throwFileName
 0002:00135A60  ___throwLineNumber
 0002:00135A64  ___throwExceptionName
 0002:00135A68  ___exceptStaticBuffP
 0002:00135A6C  ___exceptMemAllocVars
 0002:00135A70  ___ExceptStaticXbuff
 0002:00135AF0  __ExceptVarsSize
 0002:00135B04  __chtbl__ __call_terminate()
 0002:00135B24  __ectbl__ __call_terminate()
 0002:00135B3C  D4459_1
 0002:00135B4C  D4492_1
 0002:00135B4C  ___debuggerDisableTerminateCallback
 0002:00136480  __odtbl__ ___ExceptionHandler(_EXCEPTION_RECORD *, ERRbc *, _CONTEXT *, void *, unsigned long, unsigned long, unsigned long, unsigned long, unsigned long, unsigned long)
 0002:00136490  __ectbl__ ___ExceptionHandler(_EXCEPTION_RECORD *, ERRbc *, _CONTEXT *, void *, unsigned long, unsigned long, unsigned long, unsigned long, unsigned long, unsigned long)
 0002:001364B4  __thrwl__ std::bad_exception::bad_exception()
 0002:001364B8  __odtbl__ std::bad_exception::bad_exception()
 0002:001364C8  __ectbl__ std::bad_exception::bad_exception()
 0002:001364E0  __thrwl__ std::bad_exception::~bad_exception()
 0002:001364E4  __odtbl__ std::bad_exception::~bad_exception()
 0002:001364F4  __ectbl__ std::bad_exception::~bad_exception()
 0002:0013650C  __ectbl__ std::bad_exception::bad_exception(std::bad_exception&)
 0002:00136518  @std@bad_exception@3
 0002:0013652C  D4650_0
 0002:0013652C  _GUID_NULL
 0002:0013653C  _IID_IUnknown
 0002:0013654C  _IID_IRichEditOleCallback
 0002:0013655C  _IID_IEnumVARIANT
 0002:0013656C  _IID_IDispatch
 0002:0013657C  _IID_IDataObject
 0002:0013658C  _IID_IPersistStreamInit
 0002:0013659C  _IID_IOleControlSite
 0002:001365AC  _IID_IProvideClassInfo2
 0002:001365BC  _IID_IProvideClassInfo
 0002:001365CC  _IID_IClassFactory2
 0002:001365DC  _IID_IConnectionPointContainer
 0002:001365EC  _IID_IOleInPlaceSite
 0002:001365FC  _IID_IOleInPlaceObject
 0002:0013660C  _IID_IOleInPlaceFrame
 0002:0013661C  _IID_IOleInPlaceUIWindow
 0002:0013662C  _IID_IOleWindow
 0002:0013663C  _IID_IOleObject
 0002:0013664C  _IID_IOleClientSite
 0003:00000000  B1_2
 0003:00000018  B107_2
 0003:00000024  B129_2
 0003:00001794  B131_2
 0003:00001924  B137_2
 0003:00001A30  B173_2
 0003:00001A8C  B179_2
 0003:00001AE4  B277_2
 0003:00001B8C  B299_2
 0003:00001B90  B315_2
 0003:00001C30  B351_1
 0003:00001CA8  B373_2
 0003:00001DE8  B395_2
 0003:00001DF0  B405_2
 0003:00001E34  B427_2
 0003:00001E4C  B485_2
 0003:00001E4C  _fnIsWow64Process
 0003:00001E50  B507_2
 0003:00001E68  B511_2
 0003:00001E80  B513_2
 0003:00001E98  B515_2
 0003:00001EB0  B519_2
 0003:00001EC8  B525_2
 0003:00001EE0  B529_2
 0003:00001EF8  B533_2
 0003:00001F10  B535_2
 0003:00001F28  B537_2
 0003:00001F40  B545_2
 0003:00001F58  B549_2
 0003:00001F70  B553_2
 0003:00001F88  B555_2
 0003:00001FA0  B557_2
 0003:00001FB8  B559_2
 0003:00001FD0  B575_2
 0003:00001FE8  B577_2
 0003:00002000  B581_2
 0003:00002018  B583_2
 0003:00002030  B593_2
 0003:00002048  B597_2
 0003:00002060  B599_2
 0003:00002078  B601_2
 0003:00002090  B607_2
 0003:000020A8  B611_2
 0003:000020C0  B613_2
 0003:000020D8  B619_2
 0003:000020F0  B621_2
 0003:00002108  B623_2
 0003:00002120  B625_2
 0003:00002138  B627_2
 0003:00002150  _pHTMLHELP
 0003:00002154  B629_2
 0003:0000216C  B631_2
 0003:00002184  B637_2
 0003:0000219C  B639_2
 0003:000021B4  B643_2
 0003:000021CC  B651_2
 0003:000021E4  B655_2
 0003:000021FC  B657_2
 0003:00002214  B659_2
 0003:0000222C  B663_2
 0003:00002244  B667_2
 0003:0000225C  B669_2
 0003:00002274  B675_2
 0003:0000228C  B681_2
 0003:000022A4  B685_2
 0003:000022BC  B693_2
 0003:000022D4  B703_2
 0003:000022EC  B707_2
 0003:00002304  B715_2
 0003:0000231C  B717_2
 0003:00002334  B719_2
 0003:0000234C  B721_2
 0003:00002364  B723_2
 0003:0000237C  _fp
 0003:00002380  _nDocLen
 0003:00002384  B725_2
 0003:0000239C  B727_2
 0003:000023B4  B731_2
 0003:000023CC  B733_2
 0003:000023E4  B735_2
 0003:000023FC  B737_2
 0003:00002414  B739_2
 0003:0000242C  B741_2
 0003:00002444  B743_2
 0003:0000245C  B745_2
 0003:00002474  B747_2
 0003:0000248C  B751_2
 0003:000024A4  B753_2
 0003:000024BC  B755_2
 0003:000024D4  B777_2
 0003:000024EC  B779_2
 0003:00002504  B785_2
 0003:0000251C  B797_2
 0003:00002534  B821_2
 0003:0000254C  B851_2
 0003:00002564  B861_2
 0003:0000257C  B867_2
 0003:00002594  B871_2
 0003:000025AC  B881_2
 0003:000025C4  B885_2
 0003:000025DC  B887_2
 0003:000025F4  B895_2
 0003:0000260C  B923_2
 0003:00002624  B925_2
 0003:0000263C  B929_2
 0003:00002654  B941_2
 0003:0000266C  B947_2
 0003:00002684  B969_2
 0003:0000269C  B971_2
 0003:000026B4  B977_2
 0003:000026CC  B981_2
 0003:000026E4  B983_2
 0003:000026FC  B987_2
 0003:00002714  B989_2
 0003:0000272C  B993_2
 0003:00002744  __iob
 0003:0000278C  B1017_2
 0003:00002790  B1033_2
 0003:000027A8  B1045_2
 0003:00002828  B1053_2
 0003:00002A40  B1077_1
 0003:00002A48  B1115_2
 0003:00002B54  B1149_2
 0003:00002D54  B1230_1
 0003:00002D58  B1290_2
 0003:00002D5C  B1309_2
 0003:00002D74  B1315_2
 0003:00002D8C  B1331_2
 0003:00002DA4  B1349_2
 0003:00002DBC  B1355_2
 0003:00002DD4  B1389_2
 0003:00002DEC  B1393_2
 0003:00002E04  B1403_2
 0003:00002E1C  B1407_2
 0003:00002E34  B1415_2
 0003:00002E4C  B1429_2
 0003:00002E64  B1433_2
 0003:00002EB4  B1491_2
 0003:00002EB8  B1493_2
 0003:00002EB8  _hb_stackST
 0003:0000459C  B1499_2
 0003:000045B4  B1501_2
 0003:000047A4  B1507_2
 0003:000047DC  B1525_2
 0003:000049F0  B1535_2
 0003:00004B80  B1549_2
 0003:00004B98  B1563_2
 0003:00004E98  B1683_2
 0003:00004EEC  B1691_2
 0003:00004FB4  _yyleng
 0003:00004FC0  _yyin
 0003:000099CC  B1717_2
 0003:00009B74  B1763_2
 0003:00009B8C  B1767_2
 0003:00009BA4  B1771_2
 0003:00009D50  B1773_2
 0003:00009EF8  std::_Ios_init
 0003:00009EF8  B2545_2
 0003:00009F00  std::_Wios_init
 0003:00009FB8  std::cin
 0003:0000A008  std::cout
 0003:0000A0A8  std::cerr
 0003:0000A0F0  std::clog
 0003:0000A13C  B2549_2
 0003:0000A144  B2551_2
 0003:0000A154  B2559_2
 0003:0000A158  B2571_2
 0003:0000A260  std::wcin
 0003:0000A2B0  std::wcout
 0003:0000A2F8  std::wcerr
 0003:0000A340  std::wclog
 0003:0000A38C  B2583_2
 0003:0000A394  __bormm_pfn_FreeMem
 0003:0000A394  B2725_2
 0003:0000A398  __bormm_pfn_GetMem
 0003:0000A39C  __bormm_pfn_AllocMem
 0003:0000A3A0  __bormm_pfn_ReallocMem
 0003:0000A3A4  __bormm_pfn_HeapAddRef
 0003:0000A3A8  __bormm_pfn_HeapRelease
 0003:0000A3B0  __borlndmm_GetMem
 0003:0000A3B4  B2771_2
 0003:0000A3C5  __FastMM_AllocSize2SmallBlockTypeIndX4
 0003:0000A50C  __FastMM_LastSequentiallyFedMediumBlock
 0003:0000A510  __FastMM_MediumSequentialFeedBytesLeft
 0003:0000A514  __FastMM_MediumBlockBinGroupBitmap
 0003:0000A518  __FastMM_MediumBlockBinBitmaps
 0003:0000A598  __FastMM_MediumBlockBins
 0003:0000C5B0  B2881_2
 0003:0000C654  __pidtab
 0003:0000C654  B3173_1
 0003:0000C71C  __handles
 0003:0000C7E4  B3263_2
 0003:0000C7E4  __doserrno
 0003:0000C7E8  B3267_1
 0003:0000C7EC  B3269_1
 0003:0000C7F0  B3282_2
 0003:0000C7F0  __tmpnum
 0003:0000C800  B4009_2
 0003:0000C800  __mbctype
 0003:0000C904  __mbcsCodePage
 0003:0000C908  B4149_2
 0003:0000CA08  B4167_2
 0003:0000CA24  B4183_1
 0003:0000CA2C  __argv
 0003:0000CA2C  B4266_2
 0003:0000CA38  B4268_2
 0003:0000CA3C  B4270_2
 0003:0000CA40  __environ
 0003:0000CA40  B4339_2
 0003:0000CA48  __envsize
 0003:0000CA4C  __env_lock
 0003:0000CA50  B4365_1
 0003:0000CA50  __C0argc
 0003:0000CA54  __C0argv
 0003:0000CA58  __C0environ
 0003:0000CA5C  __oscmd
 0003:0000CA60  __osenv
 0003:0000CA64  __argc
 0003:0000CA68  __dll_table
 0003:0000CA70  __ExcRegPtr
 0003:0000CA74  __wosenv
 0003:0000CA78  __woscmd
 0003:0000CA7C  __wC0argv
 0003:0000CA80  __wC0environ
 0003:0000CA84  __exe_table
 0003:0000CA8C  __stkbase
 0003:0000CA90  B4398_1
 0003:0000CAB4  B4414_2
 0003:0000CABC  B4449_2
 0003:0000CEC4  B4453_2
 0003:0000CEC4  __DestructorCountPtr
 0003:0000CECC  B4459_2
 0003:0000CECC  __HandlerPtr
 0003:0000CED0  __UserHandlerPtr
 0003:0000CED4  B4492_2
 0003:0000CED8  ___pCPPdebugHook
 0003:0000CEDC  _pVCL_add_EH
 0003:0000CEE0  _pVCL_clear_EH
 0003:0000CEE4  _getExceptionObject
 0003:0000CEE8  _raiseExceptObject
 0004:00000000  T4453_3
 0004:00000000  ___xxInfo
